Archive member included to satisfy reference by file (symbol)

c:/program files (x86)/gnu tools arm embedded/5.4 2016q2/bin/../lib/gcc/arm-none-eabi/5.4.1/../../../../arm-none-eabi/lib/armv7-m\libc.a(lib_a-exit.o)
                              c:/program files (x86)/gnu tools arm embedded/5.4 2016q2/bin/../lib/gcc/arm-none-eabi/5.4.1/../../../../arm-none-eabi/lib/armv7-m/crt0.o (exit)
c:/program files (x86)/gnu tools arm embedded/5.4 2016q2/bin/../lib/gcc/arm-none-eabi/5.4.1/../../../../arm-none-eabi/lib/armv7-m\libc.a(lib_a-impure.o)
                              c:/program files (x86)/gnu tools arm embedded/5.4 2016q2/bin/../lib/gcc/arm-none-eabi/5.4.1/../../../../arm-none-eabi/lib/armv7-m\libc.a(lib_a-exit.o) (_global_impure_ptr)
c:/program files (x86)/gnu tools arm embedded/5.4 2016q2/bin/../lib/gcc/arm-none-eabi/5.4.1/../../../../arm-none-eabi/lib/armv7-m\libc.a(lib_a-init.o)
                              c:/program files (x86)/gnu tools arm embedded/5.4 2016q2/bin/../lib/gcc/arm-none-eabi/5.4.1/../../../../arm-none-eabi/lib/armv7-m/crt0.o (__libc_init_array)
c:/program files (x86)/gnu tools arm embedded/5.4 2016q2/bin/../lib/gcc/arm-none-eabi/5.4.1/../../../../arm-none-eabi/lib/armv7-m\libc.a(lib_a-memset.o)
                              c:/program files (x86)/gnu tools arm embedded/5.4 2016q2/bin/../lib/gcc/arm-none-eabi/5.4.1/../../../../arm-none-eabi/lib/armv7-m/crt0.o (memset)
c:/program files (x86)/gnu tools arm embedded/5.4 2016q2/bin/../lib/gcc/arm-none-eabi/5.4.1/../../../../arm-none-eabi/lib/armv7-m\libc.a(lib_a-__call_atexit.o)
                              c:/program files (x86)/gnu tools arm embedded/5.4 2016q2/bin/../lib/gcc/arm-none-eabi/5.4.1/../../../../arm-none-eabi/lib/armv7-m\libc.a(lib_a-exit.o) (__call_exitprocs)
c:/program files (x86)/gnu tools arm embedded/5.4 2016q2/bin/../lib/gcc/arm-none-eabi/5.4.1/../../../../arm-none-eabi/lib/armv7-m\libc.a(lib_a-atexit.o)
                              c:/program files (x86)/gnu tools arm embedded/5.4 2016q2/bin/../lib/gcc/arm-none-eabi/5.4.1/../../../../arm-none-eabi/lib/armv7-m\libc.a(lib_a-__call_atexit.o) (atexit)
c:/program files (x86)/gnu tools arm embedded/5.4 2016q2/bin/../lib/gcc/arm-none-eabi/5.4.1/../../../../arm-none-eabi/lib/armv7-m\libc.a(lib_a-fini.o)
                              c:/program files (x86)/gnu tools arm embedded/5.4 2016q2/bin/../lib/gcc/arm-none-eabi/5.4.1/../../../../arm-none-eabi/lib/armv7-m\libc.a(lib_a-__call_atexit.o) (__libc_fini_array)
c:/program files (x86)/gnu tools arm embedded/5.4 2016q2/bin/../lib/gcc/arm-none-eabi/5.4.1/../../../../arm-none-eabi/lib/armv7-m\libc.a(lib_a-__atexit.o)
                              c:/program files (x86)/gnu tools arm embedded/5.4 2016q2/bin/../lib/gcc/arm-none-eabi/5.4.1/../../../../arm-none-eabi/lib/armv7-m\libc.a(lib_a-atexit.o) (__register_exitproc)
c:/program files (x86)/gnu tools arm embedded/5.4 2016q2/bin/../lib/gcc/arm-none-eabi/5.4.1/../../../../arm-none-eabi/lib/armv7-m\libm.a(lib_a-s_cos.o)
                              ..\obj\mds.o (cos)
c:/program files (x86)/gnu tools arm embedded/5.4 2016q2/bin/../lib/gcc/arm-none-eabi/5.4.1/../../../../arm-none-eabi/lib/armv7-m\libm.a(lib_a-s_sin.o)
                              ..\obj\mds.o (sin)
c:/program files (x86)/gnu tools arm embedded/5.4 2016q2/bin/../lib/gcc/arm-none-eabi/5.4.1/../../../../arm-none-eabi/lib/armv7-m\libm.a(lib_a-w_acos.o)
                              ..\obj\mds.o (acos)
c:/program files (x86)/gnu tools arm embedded/5.4 2016q2/bin/../lib/gcc/arm-none-eabi/5.4.1/../../../../arm-none-eabi/lib/armv7-m\libm.a(lib_a-w_pow.o)
                              ..\obj\mds.o (pow)
c:/program files (x86)/gnu tools arm embedded/5.4 2016q2/bin/../lib/gcc/arm-none-eabi/5.4.1/../../../../arm-none-eabi/lib/armv7-m\libm.a(lib_a-w_sqrt.o)
                              ..\obj\mds.o (sqrt)
c:/program files (x86)/gnu tools arm embedded/5.4 2016q2/bin/../lib/gcc/arm-none-eabi/5.4.1/../../../../arm-none-eabi/lib/armv7-m\libm.a(lib_a-e_acos.o)
                              c:/program files (x86)/gnu tools arm embedded/5.4 2016q2/bin/../lib/gcc/arm-none-eabi/5.4.1/../../../../arm-none-eabi/lib/armv7-m\libm.a(lib_a-w_acos.o) (__ieee754_acos)
c:/program files (x86)/gnu tools arm embedded/5.4 2016q2/bin/../lib/gcc/arm-none-eabi/5.4.1/../../../../arm-none-eabi/lib/armv7-m\libm.a(lib_a-e_pow.o)
                              c:/program files (x86)/gnu tools arm embedded/5.4 2016q2/bin/../lib/gcc/arm-none-eabi/5.4.1/../../../../arm-none-eabi/lib/armv7-m\libm.a(lib_a-w_pow.o) (__ieee754_pow)
c:/program files (x86)/gnu tools arm embedded/5.4 2016q2/bin/../lib/gcc/arm-none-eabi/5.4.1/../../../../arm-none-eabi/lib/armv7-m\libm.a(lib_a-e_rem_pio2.o)
                              c:/program files (x86)/gnu tools arm embedded/5.4 2016q2/bin/../lib/gcc/arm-none-eabi/5.4.1/../../../../arm-none-eabi/lib/armv7-m\libm.a(lib_a-s_cos.o) (__ieee754_rem_pio2)
[...]
Memory Configuration

Name             Origin             Length             Attributes
FLASH            0x08000000         0x00040000         xr
RAM              0x20000000         0x00010000         xrw
MEMORY_B1        0x60000000         0x00000000         xr
*default*        0x00000000         0xffffffff

Linker script and memory map

LOAD c:/program files (x86)/gnu tools arm embedded/5.4 2016q2/bin/../lib/gcc/arm-none-eabi/5.4.1/armv7-m/crti.o
LOAD c:/program files (x86)/gnu tools arm embedded/5.4 2016q2/bin/../lib/gcc/arm-none-eabi/5.4.1/armv7-m/crtbegin.o
LOAD c:/program files (x86)/gnu tools arm embedded/5.4 2016q2/bin/../lib/gcc/arm-none-eabi/5.4.1/../../../../arm-none-eabi/lib/armv7-m/crt0.o
                0x20010000                _estack = 0x20010000
                0x00000800                _Min_Heap_Size = 0x800
                0x00000800                _Min_Stack_Size = 0x800

.isr_vector     0x08000000      0x1e4
                0x08000000                . = ALIGN (0x4)
 *(.isr_vector)
 .isr_vector    0x08000000      0x1e4 ..\obj\startup_stm32f10x_cl.o
                0x08000000                g_pfnVectors
                0x080001e4                . = ALIGN (0x4)

.text           0x080001e8    0x19204
                0x080001e8                . = ALIGN (0x4)
 *(.text)
 .text          0x080001e8       0x5c c:/program files (x86)/gnu tools arm embedded/5.4 2016q2/bin/../lib/gcc/arm-none-eabi/5.4.1/armv7-m/crtbegin.o
 .text          0x08000244      0x370 c:/program files (x86)/gnu tools arm embedded/5.4 2016q2/bin/../lib/gcc/arm-none-eabi/5.4.1/armv7-m\libgcc.a(_arm_addsubdf3.o)
                0x08000244                __aeabi_drsub
                0x0800024c                __aeabi_dsub
                0x0800024c                __subdf3
                0x08000250                __aeabi_dadd
                0x08000250                __adddf3
                0x080004c8                __floatunsidf
                0x080004c8                __aeabi_ui2d
                0x080004e8                __floatsidf
                0x080004e8                __aeabi_i2d
                0x0800050c                __aeabi_f2d
                0x0800050c                __extendsfdf2
                0x08000548                __floatundidf
                0x08000548                __aeabi_ul2d
                0x08000558                __floatdidf
                0x08000558                __aeabi_l2d
 .text          0x080005b4      0x424 c:/program files (x86)/gnu tools arm embedded/5.4 2016q2/bin/../lib/gcc/arm-none-eabi/5.4.1/armv7-m\libgcc.a(_arm_muldivdf3.o)
                0x080005b4                __aeabi_dmul
                0x080005b4                __muldf3
                0x08000808                __divdf3
                0x08000808                __aeabi_ddiv
 .text          0x080009d8      0x110 c:/program files (x86)/gnu tools arm embedded/5.4 2016q2/bin/../lib/gcc/arm-none-eabi/5.4.1/armv7-m\libgcc.a(_arm_cmpdf2.o)
                0x080009d8                __gtdf2
                0x080009d8                __gedf2
                0x080009e0                __ltdf2
                0x080009e0                __ledf2
                0x080009e8                __nedf2
                0x080009e8                __eqdf2
                0x080009e8                __cmpdf2
                0x08000a64                __aeabi_cdrcmple
                0x08000a74                __aeabi_cdcmpeq
                0x08000a74                __aeabi_cdcmple
                0x08000a84                __aeabi_dcmpeq
                0x08000a98                __aeabi_dcmplt
                0x08000aac                __aeabi_dcmple
                0x08000ac0                __aeabi_dcmpge
                0x08000ad4                __aeabi_dcmpgt
 .text          0x08000ae8       0x2c c:/program files (x86)/gnu tools arm embedded/5.4 2016q2/bin/../lib/gcc/arm-none-eabi/5.4.1/armv7-m\libgcc.a(_arm_unorddf2.o)
                0x08000ae8                __unorddf2
                0x08000ae8                __aeabi_dcmpun
 .text          0x08000b14       0x50 c:/program files (x86)/gnu tools arm embedded/5.4 2016q2/bin/../lib/gcc/arm-none-eabi/5.4.1/armv7-m\libgcc.a(_arm_fixdfsi.o)
                0x08000b14                __aeabi_d2iz
                0x08000b14                __fixdfsi
 .text          0x08000b64       0x30 c:/program files (x86)/gnu tools arm embedded/5.4 2016q2/bin/../lib/gcc/arm-none-eabi/5.4.1/armv7-m\libgcc.a(_fixdfdi.o)
                0x08000b64                __fixdfdi
                0x08000b64                __aeabi_d2lz
 .text          0x08000b94       0x48 c:/program files (x86)/gnu tools arm embedded/5.4 2016q2/bin/../lib/gcc/arm-none-eabi/5.4.1/armv7-m\libgcc.a(_fixunsdfdi.o)
                0x08000b94                __fixunsdfdi
                0x08000b94                __aeabi_d2ulz
 .text          0x08000bdc      0x9e4 c:/program files (x86)/gnu tools arm embedded/5.4 2016q2/bin/../lib/gcc/arm-none-eabi/5.4.1/armv7-m\libgcc.a(unwind-arm.o)
                0x08000e9c                _Unwind_GetCFA
                0x08000ea0                __gnu_Unwind_RaiseException
                0x08000f00                __gnu_Unwind_ForcedUnwind
                0x08000f14                __gnu_Unwind_Resume
                0x08000f58                __gnu_Unwind_Resume_or_Rethrow
                0x08000f6c                _Unwind_Complete
                0x08000f70                _Unwind_DeleteException
                0x08000f7c                _Unwind_VRS_Get
                0x08000fc8                _Unwind_VRS_Set
                0x08001018                __gnu_Unwind_Backtrace
                0x08001364                __aeabi_unwind_cpp_pr0
                0x08001368                __aeabi_unwind_cpp_pr1
                0x0800136c                __aeabi_unwind_cpp_pr2
                0x08001370                _Unwind_VRS_Pop
 .text          0x080015c0      0x1ac c:/program files (x86)/gnu tools arm embedded/5.4 2016q2/bin/../lib/gcc/arm-none-eabi/5.4.1/armv7-m\libgcc.a(libunwind.o)
                0x080015c0                __restore_core_regs
                0x080015c0                restore_core_regs
                0x080015d8                __gnu_Unwind_Restore_VFP
                0x080015e0                __gnu_Unwind_Save_VFP
                0x080015e8                __gnu_Unwind_Restore_VFP_D
                0x080015f0                __gnu_Unwind_Save_VFP_D
                0x080015f8                __gnu_Unwind_Restore_VFP_D_16_to_31
                0x08001600                __gnu_Unwind_Save_VFP_D_16_to_31
                0x08001608                __gnu_Unwind_Restore_WMMXD
                0x0800164c                __gnu_Unwind_Save_WMMXD
                0x08001690                __gnu_Unwind_Restore_WMMXC
                0x080016a4                __gnu_Unwind_Save_WMMXC
                0x080016b8                ___Unwind_RaiseException
                0x080016b8                _Unwind_RaiseException
                0x080016dc                _Unwind_Resume
                0x080016dc                ___Unwind_Resume
                0x08001700                _Unwind_Resume_or_Rethrow
                0x08001700                ___Unwind_Resume_or_Rethrow
                0x08001724                _Unwind_ForcedUnwind
                0x08001724                ___Unwind_ForcedUnwind
                0x08001748                ___Unwind_Backtrace
                0x08001748                _Unwind_Backtrace
 .text          0x0800176c      0x354 c:/program files (x86)/gnu tools arm embedded/5.4 2016q2/bin/../lib/gcc/arm-none-eabi/5.4.1/armv7-m\libgcc.a(pr-support.o)
                0x080017c4                __gnu_unwind_execute
                0x08001a68                __gnu_unwind_frame
                0x08001a90                _Unwind_GetRegionStart
                0x08001a9c                _Unwind_GetLanguageSpecificData
                0x08001ab0                _Unwind_GetTextRelBase
                0x08001ab8                _Unwind_GetDataRelBase
 .text          0x08001ac0       0x40 c:/program files (x86)/gnu tools arm embedded/5.4 2016q2/bin/../lib/gcc/arm-none-eabi/5.4.1/armv7-m\libgcc.a(_arm_fixunsdfsi.o)
                0x08001ac0                __aeabi_d2uiz
                0x08001ac0                __fixunsdfsi
 .text          0x08001b00       0xec c:/program files (x86)/gnu tools arm embedded/5.4 2016q2/bin/../lib/gcc/arm-none-eabi/5.4.1/../../../../arm-none-eabi/lib/armv7-m\libc.a(lib_a-memcpy.o)
                0x08001b00                memcpy
 .text          0x08001bec       0x30 c:/program files (x86)/gnu tools arm embedded/5.4 2016q2/bin/../lib/gcc/arm-none-eabi/5.4.1/armv7-m\libgcc.a(_aeabi_uldivmod.o)
                0x08001bec                __aeabi_uldivmod
 .text          0x08001c1c      0x2ec c:/program files (x86)/gnu tools arm embedded/5.4 2016q2/bin/../lib/gcc/arm-none-eabi/5.4.1/armv7-m\libgcc.a(_udivmoddi4.o)
                0x08001c1c                __udivmoddi4
 .text          0x08001f08        0x4 c:/program files (x86)/gnu tools arm embedded/5.4 2016q2/bin/../lib/gcc/arm-none-eabi/5.4.1/armv7-m\libgcc.a(_dvmd_tls.o)
                0x08001f08                __aeabi_idiv0
                0x08001f08                __aeabi_ldiv0
 *(.text*)
 .text.__libc_init_array
                0x08001f0c       0x50 c:/program files (x86)/gnu tools arm embedded/5.4 2016q2/bin/../lib/gcc/arm-none-eabi/5.4.1/../../../../arm-none-eabi/lib/armv7-m\libc.a(lib_a-init.o)
                0x08001f0c                __libc_init_array
 .text.memset   0x08001f5c       0x9c c:/program files (x86)/gnu tools arm embedded/5.4 2016q2/bin/../lib/gcc/arm-none-eabi/5.4.1/../../../../arm-none-eabi/lib/armv7-m\libc.a(lib_a-memset.o)
                0x08001f5c                memset
 .text.startup.register_fini
                0x08001ff8       0x14 c:/program files (x86)/gnu tools arm embedded/5.4 2016q2/bin/../lib/gcc/arm-none-eabi/5.4.1/../../../../arm-none-eabi/lib/armv7-m\libc.a(lib_a-__call_atexit.o)
 .text.atexit   0x0800200c        0xc c:/program files (x86)/gnu tools arm embedded/5.4 2016q2/bin/../lib/gcc/arm-none-eabi/5.4.1/../../../../arm-none-eabi/lib/armv7-m\libc.a(lib_a-atexit.o)
                0x0800200c                atexit
 .text.__libc_fini_array
                0x08002018       0x28 c:/program files (x86)/gnu tools arm embedded/5.4 2016q2/bin/../lib/gcc/arm-none-eabi/5.4.1/../../../../arm-none-eabi/lib/armv7-m\libc.a(lib_a-fini.o)
                0x08002018                __libc_fini_array
 .text.__register_exitproc
                0x08002040       0xa4 c:/program files (x86)/gnu tools arm embedded/5.4 2016q2/bin/../lib/gcc/arm-none-eabi/5.4.1/../../../../arm-none-eabi/lib/armv7-m\libc.a(lib_a-__atexit.o)
                0x08002040                __register_exitproc
 .text.RTC_WaitForLastTask
                0x080020e4       0x20 ..\obj\stm32f10x_rtc.o
                0x080020e4                RTC_WaitForLastTask
 .text.RTC_GetITStatus
                0x08002104       0x50 ..\obj\stm32f10x_rtc.o
                0x08002104                RTC_GetITStatus
 .text.RTC_ClearITPendingBit
                0x08002154       0x2c ..\obj\stm32f10x_rtc.o
                0x08002154                RTC_ClearITPendingBit
 .text.USB_OTG_WritePacket
                0x08002180       0x74 ..\obj\usb_core.o
                0x08002180                USB_OTG_WritePacket
 .text.USB_OTG_ReadPacket
                0x080021f4       0x58 ..\obj\usb_core.o
                0x080021f4                USB_OTG_ReadPacket
 .text.USB_OTG_FlushTxFifo
                0x0800224c       0x74 ..\obj\usb_core.o
                0x0800224c                USB_OTG_FlushTxFifo
 .text.USB_OTG_GetMode
                0x080022c0       0x1c ..\obj\usb_core.o
                0x080022c0                USB_OTG_GetMode
 .text.USB_OTG_IsDeviceMode
                0x080022dc       0x24 ..\obj\usb_core.o
                0x080022dc                USB_OTG_IsDeviceMode
 .text.USB_OTG_ReadCoreItr
                0x08002300       0x2c ..\obj\usb_core.o
                0x08002300                USB_OTG_ReadCoreItr
 .text.USB_OTG_GetDeviceSpeed
                0x0800232c       0x48 ..\obj\usb_core.o
                0x0800232c                USB_OTG_GetDeviceSpeed
 .text.USB_OTG_EP0Activate
                0x08002374       0x74 ..\obj\usb_core.o
                0x08002374                USB_OTG_EP0Activate
 .text.USB_OTG_EPActivate
                0x080023e8       0xdc ..\obj\usb_core.o
                0x080023e8                USB_OTG_EPActivate
 .text.USB_OTG_EPStartXfer
                0x080024c4      0x280 ..\obj\usb_core.o
                0x080024c4                USB_OTG_EPStartXfer
 .text.USB_OTG_EP0StartXfer
                0x08002744      0x1d4 ..\obj\usb_core.o
                0x08002744                USB_OTG_EP0StartXfer
 .text.USB_OTG_EPSetStall
                0x08002918       0x84 ..\obj\usb_core.o
                0x08002918                USB_OTG_EPSetStall
 .text.USB_OTG_EPClearStall
                0x0800299c       0x74 ..\obj\usb_core.o
                0x0800299c                USB_OTG_EPClearStall
 .text.USB_OTG_ReadDevAllOutEp_itr
                0x08002a10       0x2c ..\obj\usb_core.o
                0x08002a10                USB_OTG_ReadDevAllOutEp_itr
 .text.USB_OTG_ReadDevOutEP_itr
                0x08002a3c       0x34 ..\obj\usb_core.o
                0x08002a3c                USB_OTG_ReadDevOutEP_itr
 .text.USB_OTG_ReadDevAllInEPItr
                0x08002a70       0x2c ..\obj\usb_core.o
                0x08002a70                USB_OTG_ReadDevAllInEPItr
 .text.USB_OTG_EP0_OutStart
                0x08002a9c       0x70 ..\obj\usb_core.o
                0x08002a9c                USB_OTG_EP0_OutStart
 .text.USB_OTG_UngateClock
                0x08002b0c       0x54 ..\obj\usb_core.o
                0x08002b0c                USB_OTG_UngateClock
 .text.plug_holes
                0x08002b60       0xbc ..\obj\mem.o
 .text.mem_init
                0x08002c1c       0x84 ..\obj\mem.o
                0x08002c1c                mem_init
 .text.mem_free
                0x08002ca0       0x68 ..\obj\mem.o
                0x08002ca0                mem_free
 .text.mem_realloc
                0x08002d08      0x178 ..\obj\mem.o
                0x08002d08                mem_realloc
 .text.mem_malloc
                0x08002e80      0x14c ..\obj\mem.o
                0x08002e80                mem_malloc
 .text.TIM_GetITStatus
                0x08002fcc       0x54 ..\obj\stm32f10x_tim.o
                0x08002fcc                TIM_GetITStatus
 .text.TIM_ClearITPendingBit
                0x08003020       0x20 ..\obj\stm32f10x_tim.o
                0x08003020                TIM_ClearITPendingBit
 .text.main_mds
                0x08003040       0xf8 ..\obj\mds.o
                0x08003040                main_mds
 .text.mul      0x08003138      0x118 ..\obj\mds.o
                0x08003138                mul
 .text.mds      0x08003250      0x7e0 ..\obj\mds.o
                0x08003250                mds
 .text.svd      0x08003a30     0x1fbc ..\obj\svd1.o
                0x08003a30                svd
 .text.xswap    0x080059ec       0x74 ..\obj\svd1.o
                0x080059ec                xswap
 .text.xscal    0x08005a60       0x5c ..\obj\svd1.o
                0x08005a60                xscal
 .text.xrotg    0x08005abc      0x1ec ..\obj\svd1.o
                0x08005abc                xrotg
 .text.xrot     0x08005ca8       0xe8 ..\obj\svd1.o
                0x08005ca8                xrot
 .text.b_xnrm2  0x08005d90      0x150 ..\obj\svd1.o
                0x08005d90                b_xnrm2
 .text.xnrm2    0x08005ee0      0x150 ..\obj\svd1.o
                0x08005ee0                xnrm2
 .text.xdotc    0x08006030       0x98 ..\obj\svd1.o
                0x08006030                xdotc
 .text.b_xaxpy  0x080060c8       0x98 ..\obj\svd1.o
                0x080060c8                b_xaxpy
 .text.c_xaxpy  0x08006160       0x98 ..\obj\svd1.o
                0x08006160                c_xaxpy
 .text.xaxpy    0x080061f8       0x98 ..\obj\svd1.o
                0x080061f8                xaxpy
 .text.tcp_close
                0x08006290      0x170 ..\obj\tcp.o
                0x08006290                tcp_close
 .text.tcp_abandon
                0x08006400       0xe0 ..\obj\tcp.o
                0x08006400                tcp_abandon
 .text.tcp_bind
                0x080064e0      0x184 ..\obj\tcp.o
                0x080064e0                tcp_bind
 .text.tcp_update_rcv_ann_wnd
                0x08006664       0x70 ..\obj\tcp.o
                0x08006664                tcp_update_rcv_ann_wnd
 .text.tcp_recved
                0x080066d4       0x64 ..\obj\tcp.o
                0x080066d4                tcp_recved
 .text.tcp_new_port
                0x08006738       0xa8 ..\obj\tcp.o
 .text.tcp_connect
                0x080067e0      0x180 ..\obj\tcp.o
                0x080067e0                tcp_connect
 .text.tcp_segs_free
                0x08006960       0x38 ..\obj\tcp.o
                0x08006960                tcp_segs_free
 .text.tcp_seg_free
                0x08006998       0x3c ..\obj\tcp.o
                0x08006998                tcp_seg_free
 .text.tcp_recv_null
                0x080069d4       0x38 ..\obj\tcp.o
 .text.tcp_kill_prio
                0x08006a0c       0x84 ..\obj\tcp.o
 .text.tcp_kill_timewait
                0x08006a90       0x60 ..\obj\tcp.o
 .text.tcp_alloc
                0x08006af0      0x10c ..\obj\tcp.o
                0x08006af0                tcp_alloc
 .text.tcp_new  0x08006bfc       0x10 ..\obj\tcp.o
                0x08006bfc                tcp_new
 .text.tcp_recv
                0x08006c0c       0x1c ..\obj\tcp.o
                0x08006c0c                tcp_recv
 .text.tcp_pcb_purge
                0x08006c28       0x64 ..\obj\tcp.o
                0x08006c28                tcp_pcb_purge
 .text.tcp_pcb_remove
                0x08006c8c       0xb8 ..\obj\tcp.o
                0x08006c8c                tcp_pcb_remove
 .text.tcp_next_iss
                0x08006d44       0x28 ..\obj\tcp.o
                0x08006d44                tcp_next_iss
 .text.tcp_eff_send_mss
                0x08006d6c       0x40 ..\obj\tcp.o
                0x08006d6c                tcp_eff_send_mss
 .text.sleep    0x08006dac       0x38 ..\obj\unistd.o
                0x08006dac                sleep
 .text.usleep   0x08006de4       0x3c ..\obj\unistd.o
                0x08006de4                usleep
 .text.__get_MSP
                0x08006e20       0x10 ..\obj\core_cm3.o
                0x08006e20                __get_MSP
 .text.USB_OTG_BSP_uDelay
                0x08006e30       0x48 ..\obj\deca_usb_bsp_evk1000.o
                0x08006e30                USB_OTG_BSP_uDelay
 .text.tcp_input
                0x08006e78      0x5bc ..\obj\tcp_in.o
                0x08006e78                tcp_input
 .text.tcp_listen_input
                0x08007434      0x1a4 ..\obj\tcp_in.o
 .text.tcp_timewait_input
                0x080075d8       0x68 ..\obj\tcp_in.o
 .text.tcp_process
                0x08007640      0x6e4 ..\obj\tcp_in.o
 .text.tcp_receive
                0x08007d24      0x92c ..\obj\tcp_in.o
 .text.tcp_parseopt
                0x08008650      0x108 ..\obj\tcp_in.o
 .text.get_tx_timestamp_u64
                0x08008758       0x68 ..\obj\appinit.o
                0x08008758                get_tx_timestamp_u64
 .text.get_rx_timestamp_u64
                0x080087c0       0x68 ..\obj\appinit.o
                0x080087c0                get_rx_timestamp_u64
 .text.final_msg_get_ts
                0x08008828       0x48 ..\obj\appinit.o
                0x08008828                final_msg_get_ts
 .text.final_msg_set_ts
                0x08008870       0x44 ..\obj\appinit.o
                0x08008870                final_msg_set_ts
 .text.CheckMessage
                0x080088b4       0x5c ..\obj\appinit.o
                0x080088b4                CheckMessage
 .text.MessageSet
                0x08008910       0x7c ..\obj\appinit.o
                0x08008910                MessageSet
 .text.GetAverage
                0x0800898c       0xfc ..\obj\appinit.o
                0x0800898c                GetAverage
 .text.CoordEstablish_Init
                0x08008a88      0x454 ..\obj\appinit.o
                0x08008a88                CoordEstablish_Init
 .text.CoordEstablish_Resp
                0x08008edc      0x344 ..\obj\appinit.o
                0x08008edc                CoordEstablish_Resp
 .text.CoordEstablish
                0x08009220      0x50c ..\obj\appinit.o
                0x08009220                CoordEstablish
 .text.SystemInit
                0x0800972c       0x7c ..\obj\system_stm32f10x.o
                0x0800972c                SystemInit
 .text.SetSysClock
                0x080097a8        0xc ..\obj\system_stm32f10x.o
 .text.SetSysClockTo72
                0x080097b4      0x138 ..\obj\system_stm32f10x.o
 .text.memp_init
                0x080098ec       0x98 ..\obj\memp.o
                0x080098ec                memp_init
 .text.memp_malloc
                0x08009984       0x40 ..\obj\memp.o
                0x08009984                memp_malloc
 .text.memp_free
                0x080099c4       0x3c ..\obj\memp.o
                0x080099c4                memp_free
 .text.TCP_Client_Send_Data
                0x08009a00       0x30 ..\obj\TCP_CLIENT.o
                0x08009a00                TCP_Client_Send_Data
 .text.Check_TCP_Connect
                0x08009a30       0x7c ..\obj\TCP_CLIENT.o
                0x08009a30                Check_TCP_Connect
 .text._Z13TCP_ConnectedPvP7tcp_pcba
                0x08009aac       0x1c ..\obj\TCP_CLIENT.o
                0x08009aac                TCP_Connected(void*, tcp_pcb*, signed char)
 .text.TCP_Client_Recv
                0x08009ac8       0x54 ..\obj\TCP_CLIENT.o
                0x08009ac8                TCP_Client_Recv
 .text.TCP_Client_Init
                0x08009b1c       0x98 ..\obj\TCP_CLIENT.o
                0x08009b1c                TCP_Client_Init
 .text.ip_reass_free_complete_datagram
                0x08009bb4       0xbc ..\obj\ip_frag.o
 .text.ip_reass_remove_oldest_datagram
                0x08009c70       0xb8 ..\obj\ip_frag.o
 .text.ip_reass_enqueue_new_datagram
                0x08009d28       0x74 ..\obj\ip_frag.o
 .text.ip_reass_dequeue_datagram
                0x08009d9c       0x3c ..\obj\ip_frag.o
 .text.ip_reass_chain_frag_into_datagram_and_validate
                0x08009dd8      0x20c ..\obj\ip_frag.o
 .text.ip_reass
                0x08009fe4      0x264 ..\obj\ip_frag.o
                0x08009fe4                ip_reass
 .text.ip_frag  0x0800a248      0x1a8 ..\obj\ip_frag.o
                0x0800a248                ip_frag
 .text.dwt_initialise
                0x0800a3f0      0x2b4 ..\obj\deca_device.o
                0x0800a3f0                dwt_initialise
 .text.dwt_readdevid
                0x0800a6a4       0x14 ..\obj\deca_device.o
                0x0800a6a4                dwt_readdevid
 .text.dwt_configure
                0x0800a6b8      0x300 ..\obj\deca_device.o
                0x0800a6b8                dwt_configure
 .text.dwt_setrxantennadelay
                0x0800a9b8       0x2c ..\obj\deca_device.o
                0x0800a9b8                dwt_setrxantennadelay
 .text.dwt_settxantennadelay
                0x0800a9e4       0x2c ..\obj\deca_device.o
                0x0800a9e4                dwt_settxantennadelay
 .text.dwt_writetxdata
                0x0800aa10       0x20 ..\obj\deca_device.o
                0x0800aa10                dwt_writetxdata
 .text.dwt_writetxfctrl
                0x0800aa30       0x1c ..\obj\deca_device.o
                0x0800aa30                dwt_writetxfctrl
 .text.dwt_readrxdata
                0x0800aa4c       0x14 ..\obj\deca_device.o
                0x0800aa4c                dwt_readrxdata
 .text.dwt_readtxtimestamp
                0x0800aa60        0xc ..\obj\deca_device.o
                0x0800aa60                dwt_readtxtimestamp
 .text.dwt_readrxtimestamp
                0x0800aa6c        0xc ..\obj\deca_device.o
                0x0800aa6c                dwt_readrxtimestamp
 .text.dwt_writetodevice
                0x0800aa78       0x58 ..\obj\deca_device.o
                0x0800aa78                dwt_writetodevice
 .text.dwt_readfromdevice
                0x0800aad0       0x54 ..\obj\deca_device.o
                0x0800aad0                dwt_readfromdevice
 .text.dwt_read32bitoffsetreg
                0x0800ab24       0x44 ..\obj\deca_device.o
                0x0800ab24                dwt_read32bitoffsetreg
 .text.dwt_read16bitoffsetreg
                0x0800ab68       0x30 ..\obj\deca_device.o
                0x0800ab68                dwt_read16bitoffsetreg
 .text.dwt_write16bitoffsetreg
                0x0800ab98       0x20 ..\obj\deca_device.o
                0x0800ab98                dwt_write16bitoffsetreg
 .text.dwt_write32bitoffsetreg
                0x0800abb8       0x30 ..\obj\deca_device.o
                0x0800abb8                dwt_write32bitoffsetreg
 .text._dwt_otpread
                0x0800abe8       0x4c ..\obj\deca_device.o
                0x0800abe8                _dwt_otpread
 .text.dwt_entersleepaftertx
                0x0800ac34       0x30 ..\obj\deca_device.o
                0x0800ac34                dwt_entersleepaftertx
 .text._dwt_configlde
                0x0800ac64       0x40 ..\obj\deca_device.o
                0x0800ac64                _dwt_configlde
 .text._dwt_loaducodefromrom
                0x0800aca4       0x3c ..\obj\deca_device.o
                0x0800aca4                _dwt_loaducodefromrom
 .text.dwt_setrxaftertxdelay
                0x0800ace0       0x24 ..\obj\deca_device.o
                0x0800ace0                dwt_setrxaftertxdelay
 .text.dwt_setleds
                0x0800ad04       0xc4 ..\obj\deca_device.o
                0x0800ad04                dwt_setleds
 .text._dwt_enableclocks
                0x0800adc8       0xe4 ..\obj\deca_device.o
                0x0800adc8                _dwt_enableclocks
 .text.dwt_setdelayedtrxtime
                0x0800aeac        0xc ..\obj\deca_device.o
                0x0800aeac                dwt_setdelayedtrxtime
 .text.dwt_starttx
                0x0800aeb8       0xa8 ..\obj\deca_device.o
                0x0800aeb8                dwt_starttx
 .text.dwt_forcetrxoff
                0x0800af60       0x64 ..\obj\deca_device.o
                0x0800af60                dwt_forcetrxoff
 .text.dwt_syncrxbufptrs
                0x0800afc4       0x34 ..\obj\deca_device.o
                0x0800afc4                dwt_syncrxbufptrs
 .text.dwt_rxenable
                0x0800aff8       0x5c ..\obj\deca_device.o
                0x0800aff8                dwt_rxenable
 .text.dwt_setrxtimeout
                0x0800b054       0x64 ..\obj\deca_device.o
                0x0800b054                dwt_setrxtimeout
 .text.dwt_rxreset
                0x0800b0b8       0x30 ..\obj\deca_device.o
                0x0800b0b8                dwt_rxreset
 .text.dwt_xtaltrim
                0x0800b0e8       0x38 ..\obj\deca_device.o
                0x0800b0e8                dwt_xtaltrim
 .text.writetospi_serial
                0x0800b120       0x74 ..\obj\deca_spi.o
                0x0800b120                writetospi_serial
 .text.readfromspi_serial
                0x0800b194       0x78 ..\obj\deca_spi.o
                0x0800b194                readfromspi_serial
 .text.GPIO_Init
                0x0800b20c      0x178 ..\obj\stm32f10x_gpio.o
                0x0800b20c                GPIO_Init
 .text.GPIO_SetBits
                0x0800b384       0x1c ..\obj\stm32f10x_gpio.o
                0x0800b384                GPIO_SetBits
 .text.GPIO_ResetBits
                0x0800b3a0       0x1c ..\obj\stm32f10x_gpio.o
                0x0800b3a0                GPIO_ResetBits
 .text.GPIO_PinRemapConfig
                0x0800b3bc       0xe0 ..\obj\stm32f10x_gpio.o
                0x0800b3bc                GPIO_PinRemapConfig
 .text.GPIO_EXTILineConfig
                0x0800b49c       0x84 ..\obj\stm32f10x_gpio.o
                0x0800b49c                GPIO_EXTILineConfig
 .text.GPIO_ETH_MediaInterfaceConfig
                0x0800b520       0x1c ..\obj\stm32f10x_gpio.o
                0x0800b520                GPIO_ETH_MediaInterfaceConfig
 .text.ip_addr_isbroadcast
                0x0800b53c       0x7c ..\obj\ip_addr.o
                0x0800b53c                ip_addr_isbroadcast
 .text.lwip_standard_chksum
                0x0800b5b8       0x9c ..\obj\inet_chksum.o
 .text.inet_chksum
                0x0800b654       0x24 ..\obj\inet_chksum.o
                0x0800b654                inet_chksum
 .text.inet_chksum_pbuf
                0x0800b678       0x94 ..\obj\inet_chksum.o
                0x0800b678                inet_chksum_pbuf
 .text.USBD_SetupStage
                0x0800b70c       0x6c ..\obj\usbd_core.o
 .text.USBD_DataOutStage
                0x0800b778       0xcc ..\obj\usbd_core.o
 .text.USBD_DataInStage
                0x0800b844      0x11c ..\obj\usbd_core.o
 .text.USBD_RunTestMode
                0x0800b960       0x24 ..\obj\usbd_core.o
 .text.USBD_Reset
                0x0800b984       0x44 ..\obj\usbd_core.o
 .text.USBD_Resume
                0x0800b9c8       0x30 ..\obj\usbd_core.o
 .text.USBD_Suspend
                0x0800b9f8       0x30 ..\obj\usbd_core.o
 .text.USBD_SOF
                0x0800ba28       0x2c ..\obj\usbd_core.o
 .text.USBD_SetCfg
                0x0800ba54       0x30 ..\obj\usbd_core.o
                0x0800ba54                USBD_SetCfg
 .text.USBD_ClrCfg
                0x0800ba84       0x28 ..\obj\usbd_core.o
                0x0800ba84                USBD_ClrCfg
 .text.USBD_IsoINIncomplete
                0x0800baac       0x20 ..\obj\usbd_core.o
 .text.USBD_IsoOUTIncomplete
                0x0800bacc       0x20 ..\obj\usbd_core.o
 .text.USBD_DevConnected
                0x0800baec       0x24 ..\obj\usbd_core.o
 .text.USBD_DevDisconnected
                0x0800bb10       0x34 ..\obj\usbd_core.o
 .text.Time_Update
                0x0800bb44       0x1c ..\obj\main.o
                0x0800bb44                Time_Update
 .text.sleep_ms
                0x0800bb60       0x2c ..\obj\main.o
                0x0800bb60                sleep_ms
 .text.TcpTx    0x0800bb8c       0x30 ..\obj\main.o
                0x0800bb8c                TcpTx
 .text.startup.main
                0x0800bbbc       0x98 ..\obj\main.o
                0x0800bbbc                main
 .text.LwIP_Init
                0x0800bc54       0x9c ..\obj\netconf.o
                0x0800bc54                LwIP_Init
 .text.LwIP_Pkt_Handle
                0x0800bcf0       0x14 ..\obj\netconf.o
                0x0800bcf0                LwIP_Pkt_Handle
 .text.My_IP4_ADDR
                0x0800bd04       0x44 ..\obj\netconf.o
                0x0800bd04                My_IP4_ADDR
 .text.rtIsNaN  0x0800bd48       0x2c ..\obj\rtGetInf.o
                0x0800bd48                rtIsNaN
 .text.Set_MAC_Address
                0x0800bd74       0x4c ..\obj\ethernetif.o
                0x0800bd74                Set_MAC_Address
 .text.low_level_init
                0x0800bdc0       0xd8 ..\obj\ethernetif.o
 .text.low_level_output
                0x0800be98       0x5c ..\obj\ethernetif.o
 .text.low_level_input
                0x0800bef4       0xa8 ..\obj\ethernetif.o
 .text.ethernetif_input
                0x0800bf9c       0x48 ..\obj\ethernetif.o
                0x0800bf9c                ethernetif_input
 .text.ethernetif_init
                0x0800bfe4       0x60 ..\obj\ethernetif.o
                0x0800bfe4                ethernetif_init
 .text.ETH_RxPkt_ChainMode
                0x0800c044       0xe4 ..\obj\ethernetif.o
                0x0800c044                ETH_RxPkt_ChainMode
 .text.ETH_TxPkt_ChainMode
                0x0800c128       0x90 ..\obj\ethernetif.o
                0x0800c128                ETH_TxPkt_ChainMode
 .text.ETH_GetCurrentTxBuffer
                0x0800c1b8       0x18 ..\obj\ethernetif.o
                0x0800c1b8                ETH_GetCurrentTxBuffer
 .text.RCC_DeInit
                0x0800c1d0       0x70 ..\obj\stm32f10x_rcc.o
                0x0800c1d0                RCC_DeInit
 .text.RCC_HSEConfig
                0x0800c240       0x5c ..\obj\stm32f10x_rcc.o
                0x0800c240                RCC_HSEConfig
 .text.RCC_WaitForHSEStartUp
                0x0800c29c       0x50 ..\obj\stm32f10x_rcc.o
                0x0800c29c                RCC_WaitForHSEStartUp
 .text.RCC_PLLConfig
                0x0800c2ec       0x3c ..\obj\stm32f10x_rcc.o
                0x0800c2ec                RCC_PLLConfig
 .text.RCC_PLLCmd
                0x0800c328       0x20 ..\obj\stm32f10x_rcc.o
                0x0800c328                RCC_PLLCmd
 .text.RCC_PREDIV1Config
                0x0800c348       0x40 ..\obj\stm32f10x_rcc.o
                0x0800c348                RCC_PREDIV1Config
 .text.RCC_PREDIV2Config
                0x0800c388       0x38 ..\obj\stm32f10x_rcc.o
                0x0800c388                RCC_PREDIV2Config
 .text.RCC_PLL2Config
                0x0800c3c0       0x38 ..\obj\stm32f10x_rcc.o
                0x0800c3c0                RCC_PLL2Config
 .text.RCC_PLL2Cmd
                0x0800c3f8       0x20 ..\obj\stm32f10x_rcc.o
                0x0800c3f8                RCC_PLL2Cmd
 .text.RCC_PLL3Config
                0x0800c418       0x38 ..\obj\stm32f10x_rcc.o
                0x0800c418                RCC_PLL3Config
 .text.RCC_PLL3Cmd
                0x0800c450       0x20 ..\obj\stm32f10x_rcc.o
                0x0800c450                RCC_PLL3Cmd
 .text.RCC_SYSCLKConfig
                0x0800c470       0x38 ..\obj\stm32f10x_rcc.o
                0x0800c470                RCC_SYSCLKConfig
 .text.RCC_GetSYSCLKSource
                0x0800c4a8       0x1c ..\obj\stm32f10x_rcc.o
                0x0800c4a8                RCC_GetSYSCLKSource
 .text.RCC_HCLKConfig
                0x0800c4c4       0x38 ..\obj\stm32f10x_rcc.o
                0x0800c4c4                RCC_HCLKConfig
 .text.RCC_PCLK1Config
                0x0800c4fc       0x38 ..\obj\stm32f10x_rcc.o
                0x0800c4fc                RCC_PCLK1Config
 .text.RCC_PCLK2Config
                0x0800c534       0x38 ..\obj\stm32f10x_rcc.o
                0x0800c534                RCC_PCLK2Config
 .text.RCC_ADCCLKConfig
                0x0800c56c       0x38 ..\obj\stm32f10x_rcc.o
                0x0800c56c                RCC_ADCCLKConfig
 .text.RCC_GetClocksFreq
                0x0800c5a4      0x1c8 ..\obj\stm32f10x_rcc.o
                0x0800c5a4                RCC_GetClocksFreq
 .text.RCC_AHBPeriphClockCmd
                0x0800c76c       0x3c ..\obj\stm32f10x_rcc.o
                0x0800c76c                RCC_AHBPeriphClockCmd
 .text.RCC_APB2PeriphClockCmd
                0x0800c7a8       0x3c ..\obj\stm32f10x_rcc.o
                0x0800c7a8                RCC_APB2PeriphClockCmd
 .text.RCC_AHBPeriphResetCmd
                0x0800c7e4       0x3c ..\obj\stm32f10x_rcc.o
                0x0800c7e4                RCC_AHBPeriphResetCmd
 .text.RCC_APB2PeriphResetCmd
                0x0800c820       0x3c ..\obj\stm32f10x_rcc.o
                0x0800c820                RCC_APB2PeriphResetCmd
 .text.RCC_APB1PeriphResetCmd
                0x0800c85c       0x3c ..\obj\stm32f10x_rcc.o
                0x0800c85c                RCC_APB1PeriphResetCmd
 .text.RCC_MCOConfig
                0x0800c898       0x20 ..\obj\stm32f10x_rcc.o
                0x0800c898                RCC_MCOConfig
 .text.RCC_GetFlagStatus
                0x0800c8b8       0x74 ..\obj\stm32f10x_rcc.o
                0x0800c8b8                RCC_GetFlagStatus
 .text.free_etharp_q
                0x0800c92c       0x34 ..\obj\etharp.o
 .text.find_entry
                0x0800c960      0x2dc ..\obj\etharp.o
 .text.etharp_send_ip
                0x0800cc3c       0x68 ..\obj\etharp.o
 .text.update_arp_entry
                0x0800cca4      0x154 ..\obj\etharp.o
 .text.etharp_ip_input
                0x0800cdf8       0x4c ..\obj\etharp.o
                0x0800cdf8                etharp_ip_input
 .text.etharp_arp_input
                0x0800ce44      0x1a8 ..\obj\etharp.o
                0x0800ce44                etharp_arp_input
 .text.etharp_output
                0x0800cfec       0xfc ..\obj\etharp.o
                0x0800cfec                etharp_output
 .text.etharp_query
                0x0800d0e8      0x250 ..\obj\etharp.o
                0x0800d0e8                etharp_query
 .text.etharp_raw
                0x0800d338      0x108 ..\obj\etharp.o
 .text.etharp_request
                0x0800d440       0x44 ..\obj\etharp.o
                0x0800d440                etharp_request
 .text.ethernet_input
                0x0800d484       0x84 ..\obj\etharp.o
                0x0800d484                ethernet_input
 .text.Reset_Handler
                0x0800d508       0x48 ..\obj\startup_stm32f10x_cl.o
                0x0800d508                Reset_Handler
 .text.Default_Handler
                0x0800d550        0x2 ..\obj\startup_stm32f10x_cl.o
                0x0800d550                EXTI2_IRQHandler
                0x0800d550                TIM1_CC_IRQHandler
                0x0800d550                TIM6_IRQHandler
                0x0800d550                PVD_IRQHandler
                0x0800d550                CAN2_RX1_IRQHandler
                0x0800d550                I2C2_EV_IRQHandler
                0x0800d550                CAN1_RX0_IRQHandler
                0x0800d550                CAN2_SCE_IRQHandler
                0x0800d550                ADC1_2_IRQHandler
                0x0800d550                SPI1_IRQHandler
                0x0800d550                TAMPER_IRQHandler
                0x0800d550                CAN2_RX0_IRQHandler
                0x0800d550                DMA2_Channel2_IRQHandler
                0x0800d550                DMA1_Channel4_IRQHandler
                0x0800d550                USART3_IRQHandler
                0x0800d550                DMA1_Channel7_IRQHandler
                0x0800d550                CAN1_RX1_IRQHandler
                0x0800d550                UART5_IRQHandler
                0x0800d550                TIM4_IRQHandler
                0x0800d550                DMA2_Channel1_IRQHandler
                0x0800d550                I2C1_EV_IRQHandler
                0x0800d550                DMA1_Channel6_IRQHandler
                0x0800d550                UART4_IRQHandler
                0x0800d550                DMA2_Channel4_IRQHandler
                0x0800d550                TIM3_IRQHandler
                0x0800d550                RCC_IRQHandler
                0x0800d550                TIM1_TRG_COM_IRQHandler
                0x0800d550                DMA1_Channel1_IRQHandler
                0x0800d550                Default_Handler
                0x0800d550                TIM7_IRQHandler
                0x0800d550                CAN2_TX_IRQHandler
                0x0800d550                TIM5_IRQHandler
                0x0800d550                ETH_WKUP_IRQHandler
                0x0800d550                SPI2_IRQHandler
                0x0800d550                CAN1_TX_IRQHandler
                0x0800d550                DMA2_Channel5_IRQHandler
                0x0800d550                DMA1_Channel5_IRQHandler
                0x0800d550                EXTI4_IRQHandler
                0x0800d550                DMA1_Channel3_IRQHandler
                0x0800d550                TIM1_UP_IRQHandler
                0x0800d550                WWDG_IRQHandler
                0x0800d550                TIM1_BRK_IRQHandler
                0x0800d550                EXTI1_IRQHandler
                0x0800d550                RTCAlarm_IRQHandler
                0x0800d550                USART2_IRQHandler
                0x0800d550                I2C2_ER_IRQHandler
                0x0800d550                DMA1_Channel2_IRQHandler
                0x0800d550                CAN1_SCE_IRQHandler
                0x0800d550                FLASH_IRQHandler
                0x0800d550                USART1_IRQHandler
                0x0800d550                SPI3_IRQHandler
                0x0800d550                I2C1_ER_IRQHandler
                0x0800d550                DMA2_Channel3_IRQHandler
 *fill*         0x0800d552        0x2 
 .text.EXTI_Init
                0x0800d554       0xe4 ..\obj\stm32f10x_exti.o
                0x0800d554                EXTI_Init
 .text.EXTI_ClearITPendingBit
                0x0800d638       0x1c ..\obj\stm32f10x_exti.o
                0x0800d638                EXTI_ClearITPendingBit
 .text.NVIC_EnableIRQ
                0x0800d654       0x30 ..\obj\deca_mutex.o
 .text.NVIC_DisableIRQ
                0x0800d684       0x34 ..\obj\deca_mutex.o
 .text.decamutexon
                0x0800d6b8       0x28 ..\obj\deca_mutex.o
                0x0800d6b8                decamutexon
 .text.decamutexoff
                0x0800d6e0       0x1c ..\obj\deca_mutex.o
                0x0800d6e0                decamutexoff
 .text.pbuf_alloc
                0x0800d6fc      0x1f8 ..\obj\pbuf.o
                0x0800d6fc                pbuf_alloc
 .text.pbuf_realloc
                0x0800d8f4       0xc8 ..\obj\pbuf.o
                0x0800d8f4                pbuf_realloc
 .text.pbuf_header
                0x0800d9bc       0xdc ..\obj\pbuf.o
                0x0800d9bc                pbuf_header
 .text.pbuf_free
                0x0800da98       0xa0 ..\obj\pbuf.o
                0x0800da98                pbuf_free
 .text.pbuf_clen
                0x0800db38       0x2c ..\obj\pbuf.o
                0x0800db38                pbuf_clen
 .text.pbuf_ref
                0x0800db64       0x24 ..\obj\pbuf.o
                0x0800db64                pbuf_ref
 .text.pbuf_cat
                0x0800db88       0x5c ..\obj\pbuf.o
                0x0800db88                pbuf_cat
 .text.pbuf_chain
                0x0800dbe4       0x20 ..\obj\pbuf.o
                0x0800dbe4                pbuf_chain
 .text.pbuf_copy
                0x0800dc04      0x100 ..\obj\pbuf.o
                0x0800dc04                pbuf_copy
 .text.pbuf_copy_partial
                0x0800dd04       0xc8 ..\obj\pbuf.o
                0x0800dd04                pbuf_copy_partial
 .text.htons    0x0800ddcc       0x28 ..\obj\inet.o
                0x0800ddcc                htons
 .text.ntohs    0x0800ddf4       0x1c ..\obj\inet.o
                0x0800ddf4                ntohs
 .text.htonl    0x0800de10       0x30 ..\obj\inet.o
                0x0800de10                htonl
 .text.ntohl    0x0800de40       0x18 ..\obj\inet.o
                0x0800de40                ntohl
 .text.netif_add
                0x0800de58       0x84 ..\obj\netif.o
                0x0800de58                netif_add
 .text.netif_set_addr
                0x0800dedc       0x30 ..\obj\netif.o
                0x0800dedc                netif_set_addr
 .text.netif_set_ipaddr
                0x0800df0c       0xac ..\obj\netif.o
                0x0800df0c                netif_set_ipaddr
 .text.netif_set_gw
                0x0800dfb8       0x28 ..\obj\netif.o
                0x0800dfb8                netif_set_gw
 .text.netif_set_netmask
                0x0800dfe0       0x28 ..\obj\netif.o
                0x0800dfe0                netif_set_netmask
 .text.netif_set_default
                0x0800e008       0x1c ..\obj\netif.o
                0x0800e008                netif_set_default
 .text.netif_set_up
                0x0800e024       0x4c ..\obj\netif.o
                0x0800e024                netif_set_up
 .text.netif_is_up
                0x0800e070       0x28 ..\obj\netif.o
                0x0800e070                netif_is_up
 .text._write   0x0800e098       0x40 ..\obj\syscalls.o
                0x0800e098                _write
 .text._sbrk    0x0800e0d8       0x70 ..\obj\syscalls.o
                0x0800e0d8                _sbrk
 .text._exit    0x0800e148       0x20 ..\obj\syscalls.o
                0x0800e148                _exit
 .text._times_r
                0x0800e168       0x38 ..\obj\syscalls.o
                0x0800e168                _times_r
 .text._getpid_r
                0x0800e1a0       0x10 ..\obj\syscalls.o
                0x0800e1a0                _getpid_r
 .text._kill_r  0x0800e1b0       0x24 ..\obj\syscalls.o
                0x0800e1b0                _kill_r
 .text.FLASH_SetLatency
                0x0800e1d4       0x38 ..\obj\stm32f10x_flash.o
                0x0800e1d4                FLASH_SetLatency
 .text.FLASH_PrefetchBufferCmd
                0x0800e20c       0x30 ..\obj\stm32f10x_flash.o
                0x0800e20c                FLASH_PrefetchBufferCmd
 .text.NMI_Handler
                0x0800e23c        0xc ..\obj\stm32f10x_it.o
                0x0800e23c                NMI_Handler
 .text.pop_registers_from_fault_stack
                0x0800e248       0x3c ..\obj\stm32f10x_it.o
                0x0800e248                pop_registers_from_fault_stack
 .text.HardFault_Handler
                0x0800e284       0x20 ..\obj\stm32f10x_it.o
                0x0800e284                HardFault_Handler
 .text.MemManage_Handler
                0x0800e2a4        0x8 ..\obj\stm32f10x_it.o
                0x0800e2a4                MemManage_Handler
 .text.BusFault_Handler
                0x0800e2ac        0x8 ..\obj\stm32f10x_it.o
                0x0800e2ac                BusFault_Handler
 .text.UsageFault_Handler
                0x0800e2b4        0x8 ..\obj\stm32f10x_it.o
                0x0800e2b4                UsageFault_Handler
 .text.SVC_Handler
                0x0800e2bc        0xc ..\obj\stm32f10x_it.o
                0x0800e2bc                SVC_Handler
 .text.DebugMon_Handler
                0x0800e2c8        0xc ..\obj\stm32f10x_it.o
                0x0800e2c8                DebugMon_Handler
 .text.PendSV_Handler
                0x0800e2d4        0xc ..\obj\stm32f10x_it.o
                0x0800e2d4                PendSV_Handler
 .text.RTC_IRQHandler
                0x0800e2e0       0x20 ..\obj\stm32f10x_it.o
                0x0800e2e0                RTC_IRQHandler
 .text.SysTick_Handler
                0x0800e300       0x1c ..\obj\stm32f10x_it.o
                0x0800e300                SysTick_Handler
 .text.ETH_IRQHandler
                0x0800e31c       0x28 ..\obj\stm32f10x_it.o
                0x0800e31c                ETH_IRQHandler
 .text.EXTI15_10_IRQHandler
                0x0800e344       0x14 ..\obj\stm32f10x_it.o
                0x0800e344                EXTI15_10_IRQHandler
 .text.EXTI0_IRQHandler
                0x0800e358       0x14 ..\obj\stm32f10x_it.o
                0x0800e358                EXTI0_IRQHandler
 .text.EXTI3_IRQHandler
                0x0800e36c       0x14 ..\obj\stm32f10x_it.o
                0x0800e36c                EXTI3_IRQHandler
 .text.EXTI9_5_IRQHandler
                0x0800e380       0x14 ..\obj\stm32f10x_it.o
                0x0800e380                EXTI9_5_IRQHandler
 .text.OTG_FS_WKUP_IRQHandler
                0x0800e394       0x38 ..\obj\stm32f10x_it.o
                0x0800e394                OTG_FS_WKUP_IRQHandler
 .text.OTG_FS_IRQHandler
                0x0800e3cc       0x14 ..\obj\stm32f10x_it.o
                0x0800e3cc                OTG_FS_IRQHandler
 .text.USBD_StdDevReq
                0x0800e3e0       0xa0 ..\obj\usbd_req.o
                0x0800e3e0                USBD_StdDevReq
 .text.USBD_StdItfReq
                0x0800e480       0x68 ..\obj\usbd_req.o
                0x0800e480                USBD_StdItfReq
 .text.USBD_StdEPReq
                0x0800e4e8      0x1b0 ..\obj\usbd_req.o
                0x0800e4e8                USBD_StdEPReq
 .text.USBD_GetDescriptor
                0x0800e698      0x1a8 ..\obj\usbd_req.o
 .text.USBD_SetAddress
                0x0800e840       0x7c ..\obj\usbd_req.o
 .text.USBD_SetConfig
                0x0800e8bc       0xf4 ..\obj\usbd_req.o
 .text.USBD_GetConfig
                0x0800e9b0       0x60 ..\obj\usbd_req.o
 .text.USBD_GetStatus
                0x0800ea10       0x54 ..\obj\usbd_req.o
 .text.USBD_SetFeature
                0x0800ea64       0xd8 ..\obj\usbd_req.o
 .text.USBD_ClrFeature
                0x0800eb3c       0x50 ..\obj\usbd_req.o
 .text.USBD_ParseSetupRequest
                0x0800eb8c       0x90 ..\obj\usbd_req.o
                0x0800eb8c                USBD_ParseSetupRequest
 .text.USBD_CtlError
                0x0800ec1c       0x28 ..\obj\usbd_req.o
                0x0800ec1c                USBD_CtlError
 .text.NVIC_SetPriority
                0x0800ec44       0x54 ..\obj\port.o
 .text.SysTick_Config
                0x0800ec98       0x44 ..\obj\port.o
 .text.portGetTickCnt
                0x0800ecdc       0x14 ..\obj\port.o
                0x0800ecdc                portGetTickCnt
 .text.Ethernet_Configuration
                0x0800ecf0       0xe0 ..\obj\port.o
                0x0800ecf0                Ethernet_Configuration
 .text.SysTick_Configuration
                0x0800edd0       0x38 ..\obj\port.o
                0x0800edd0                SysTick_Configuration
 .text.NVIC_Configuration
                0x0800ee08       0x98 ..\obj\port.o
                0x0800ee08                NVIC_Configuration
 .text.EXTI_GetITEnStatus
                0x0800eea0       0x3c ..\obj\port.o
                0x0800eea0                EXTI_GetITEnStatus
 .text.RCC_Configuration
                0x0800eedc       0xd8 ..\obj\port.o
                0x0800eedc                RCC_Configuration
 .text.SPI_ChangeRate
                0x0800efb4       0x38 ..\obj\port.o
                0x0800efb4                SPI_ChangeRate
 .text.SPI_Configuration
                0x0800efec       0xa8 ..\obj\port.o
                0x0800efec                SPI_Configuration
 .text.GPIO_Configuration
                0x0800f094      0x148 ..\obj\port.o
                0x0800f094                GPIO_Configuration
 .text.reset_DW1000
                0x0800f1dc       0x50 ..\obj\port.o
                0x0800f1dc                reset_DW1000
 .text.peripherals_init
                0x0800f22c       0x20 ..\obj\port.o
                0x0800f22c                peripherals_init
 .text.spi_peripheral_init
                0x0800f24c        0xc ..\obj\port.o
                0x0800f24c                spi_peripheral_init
 .text.TIM2_IRQHandler
                0x0800f258       0x24 ..\obj\port.o
                0x0800f258                TIM2_IRQHandler
 .text.USBD_OTG_ISR_Handler
                0x0800f27c      0x190 ..\obj\usb_dcd_int.o
                0x0800f27c                USBD_OTG_ISR_Handler
 .text.DCD_SessionRequest_ISR
                0x0800f40c       0x34 ..\obj\usb_dcd_int.o
 .text.DCD_OTG_ISR
                0x0800f440       0x3c ..\obj\usb_dcd_int.o
 .text.DCD_HandleResume_ISR
                0x0800f47c       0x80 ..\obj\usb_dcd_int.o
 .text.DCD_HandleUSBSuspend_ISR
                0x0800f4fc       0xbc ..\obj\usb_dcd_int.o
 .text.DCD_HandleInEP_ISR
                0x0800f5b8      0x19c ..\obj\usb_dcd_int.o
 .text.DCD_HandleOutEP_ISR
                0x0800f754      0x150 ..\obj\usb_dcd_int.o
 .text.DCD_HandleSof_ISR
                0x0800f8a4       0x34 ..\obj\usb_dcd_int.o
 .text.DCD_HandleRxStatusQueueLevel_ISR
                0x0800f8d8      0x104 ..\obj\usb_dcd_int.o
 .text.DCD_WriteEmptyTxFifo
                0x0800f9dc      0x110 ..\obj\usb_dcd_int.o
 .text.DCD_HandleUsbReset_ISR
                0x0800faec      0x120 ..\obj\usb_dcd_int.o
 .text.DCD_HandleEnumDone_ISR
                0x0800fc0c       0x78 ..\obj\usb_dcd_int.o
 .text.DCD_IsoINIncomplete_ISR
                0x0800fc84       0x34 ..\obj\usb_dcd_int.o
 .text.DCD_IsoOUTIncomplete_ISR
                0x0800fcb8       0x34 ..\obj\usb_dcd_int.o
 .text.DCD_ReadDevInEP
                0x0800fcec       0x50 ..\obj\usb_dcd_int.o
 .text.udp_input
                0x0800fd3c      0x238 ..\obj\udp.o
                0x0800fd3c                udp_input
 .text.ip_route
                0x0800ff74       0x70 ..\obj\ip.o
                0x0800ff74                ip_route
 .text.ip_input
                0x0800ffe4      0x22c ..\obj\ip.o
                0x0800ffe4                ip_input
 .text.ip_output_if
                0x08010210      0x194 ..\obj\ip.o
                0x08010210                ip_output_if
 .text.ip_output
                0x080103a4       0x4c ..\obj\ip.o
                0x080103a4                ip_output
 .text.icmp_input
                0x080103f0      0x204 ..\obj\icmp.o
                0x080103f0                icmp_input
 .text.icmp_dest_unreach
                0x080105f4       0x20 ..\obj\icmp.o
                0x080105f4                icmp_dest_unreach
 .text.icmp_time_exceeded
                0x08010614       0x20 ..\obj\icmp.o
                0x08010614                icmp_time_exceeded
 .text.icmp_send_response
                0x08010634       0xa8 ..\obj\icmp.o
 .text.NVIC_PriorityGroupConfig
                0x080106dc       0x24 ..\obj\misc.o
                0x080106dc                NVIC_PriorityGroupConfig
 .text.NVIC_Init
                0x08010700       0xc4 ..\obj\misc.o
                0x08010700                NVIC_Init
 .text.DCD_EP_Open
                0x080107c4       0xb0 ..\obj\usb_dcd.o
                0x080107c4                DCD_EP_Open
 .text.DCD_EP_PrepareRx
                0x08010874       0x84 ..\obj\usb_dcd.o
                0x08010874                DCD_EP_PrepareRx
 .text.DCD_EP_Tx
                0x080108f8       0x78 ..\obj\usb_dcd.o
                0x080108f8                DCD_EP_Tx
 .text.DCD_EP_Stall
                0x08010970       0x7c ..\obj\usb_dcd.o
                0x08010970                DCD_EP_Stall
 .text.DCD_EP_ClrStall
                0x080109ec       0x7c ..\obj\usb_dcd.o
                0x080109ec                DCD_EP_ClrStall
 .text.DCD_EP_SetAddress
                0x08010a68       0x3c ..\obj\usb_dcd.o
                0x08010a68                DCD_EP_SetAddress
 .text.ETH_DeInit
                0x08010aa4       0x1c ..\obj\stm32_eth.o
                0x08010aa4                ETH_DeInit
 .text.ETH_Init
                0x08010ac0      0x35c ..\obj\stm32_eth.o
                0x08010ac0                ETH_Init
 .text.ETH_StructInit
                0x08010e1c      0x158 ..\obj\stm32_eth.o
                0x08010e1c                ETH_StructInit
 .text.ETH_Start
                0x08010f74       0x24 ..\obj\stm32_eth.o
                0x08010f74                ETH_Start
 .text.ETH_GetRxPktSize
                0x08010f98       0x58 ..\obj\stm32_eth.o
                0x08010f98                ETH_GetRxPktSize
 .text.ETH_ReadPHYRegister
                0x08010ff0       0x9c ..\obj\stm32_eth.o
                0x08010ff0                ETH_ReadPHYRegister
 .text.ETH_WritePHYRegister
                0x0801108c       0xa0 ..\obj\stm32_eth.o
                0x0801108c                ETH_WritePHYRegister
 .text.ETH_MACTransmissionCmd
                0x0801112c       0x38 ..\obj\stm32_eth.o
                0x0801112c                ETH_MACTransmissionCmd
 .text.ETH_MACReceptionCmd
                0x08011164       0x38 ..\obj\stm32_eth.o
                0x08011164                ETH_MACReceptionCmd
 .text.ETH_MACAddressConfig
                0x0801119c       0x6c ..\obj\stm32_eth.o
                0x0801119c                ETH_MACAddressConfig
 .text.ETH_DMATxDescChainInit
                0x08011208       0x90 ..\obj\stm32_eth.o
                0x08011208                ETH_DMATxDescChainInit
 .text.ETH_DMATxDescChecksumInsertionConfig
                0x08011298       0x20 ..\obj\stm32_eth.o
                0x08011298                ETH_DMATxDescChecksumInsertionConfig
 .text.ETH_DMARxDescChainInit
                0x080112b8       0x98 ..\obj\stm32_eth.o
                0x080112b8                ETH_DMARxDescChainInit
 .text.ETH_GetDMARxDescFrameLength
                0x08011350       0x1c ..\obj\stm32_eth.o
                0x08011350                ETH_GetDMARxDescFrameLength
 .text.ETH_DMARxDescReceiveITConfig
                0x0801136c       0x38 ..\obj\stm32_eth.o
                0x0801136c                ETH_DMARxDescReceiveITConfig
 .text.ETH_SoftwareReset
                0x080113a4       0x24 ..\obj\stm32_eth.o
                0x080113a4                ETH_SoftwareReset
 .text.ETH_GetSoftwareResetStatus
                0x080113c8       0x34 ..\obj\stm32_eth.o
                0x080113c8                ETH_GetSoftwareResetStatus
 .text.ETH_DMAClearITPendingBit
                0x080113fc       0x24 ..\obj\stm32_eth.o
                0x080113fc                ETH_DMAClearITPendingBit
 .text.ETH_FlushTransmitFIFO
                0x08011420       0x28 ..\obj\stm32_eth.o
                0x08011420                ETH_FlushTransmitFIFO
 .text.ETH_DMATransmissionCmd
                0x08011448       0x50 ..\obj\stm32_eth.o
                0x08011448                ETH_DMATransmissionCmd
 .text.ETH_DMAReceptionCmd
                0x08011498       0x50 ..\obj\stm32_eth.o
                0x08011498                ETH_DMAReceptionCmd
 .text.ETH_DMAITConfig
                0x080114e8       0x54 ..\obj\stm32_eth.o
                0x080114e8                ETH_DMAITConfig
 .text.ETH_Delay
                0x0801153c       0x28 ..\obj\stm32_eth.o
 .text.SPI_I2S_DeInit
                0x08011564       0x74 ..\obj\stm32f10x_spi.o
                0x08011564                SPI_I2S_DeInit
 .text.SPI_Init
                0x080115d8       0x88 ..\obj\stm32f10x_spi.o
                0x080115d8                SPI_Init
 .text.SPI_Cmd  0x08011660       0x40 ..\obj\stm32f10x_spi.o
                0x08011660                SPI_Cmd
 .text.SPI_SSOutputCmd
                0x080116a0       0x40 ..\obj\stm32f10x_spi.o
                0x080116a0                SPI_SSOutputCmd
 .text.USBD_CtlSendData
                0x080116e0       0x40 ..\obj\usbd_ioreq.o
                0x080116e0                USBD_CtlSendData
 .text.USBD_CtlContinueSendData
                0x08011720       0x28 ..\obj\usbd_ioreq.o
                0x08011720                USBD_CtlContinueSendData
 .text.USBD_CtlContinueRx
                0x08011748       0x28 ..\obj\usbd_ioreq.o
                0x08011748                USBD_CtlContinueRx
 .text.USBD_CtlSendStatus
                0x08011770       0x30 ..\obj\usbd_ioreq.o
                0x08011770                USBD_CtlSendStatus
 .text.USBD_CtlReceiveStatus
                0x080117a0       0x30 ..\obj\usbd_ioreq.o
                0x080117a0                USBD_CtlReceiveStatus
 .text.tcp_output_set_header
                0x080117d0       0xf0 ..\obj\tcp_out.o
 .text.tcp_send_ctrl
                0x080118c0       0x2c ..\obj\tcp_out.o
                0x080118c0                tcp_send_ctrl
 .text.tcp_write
                0x080118ec       0x64 ..\obj\tcp_out.o
                0x080118ec                tcp_write
 .text.tcp_enqueue
                0x08011950      0x58c ..\obj\tcp_out.o
                0x08011950                tcp_enqueue
 .text.tcp_output
                0x08011edc      0x380 ..\obj\tcp_out.o
                0x08011edc                tcp_output
 .text.tcp_output_segment
                0x0801225c      0x148 ..\obj\tcp_out.o
 .text.tcp_rst  0x080123a4       0xf8 ..\obj\tcp_out.o
                0x080123a4                tcp_rst
 .text.tcp_rexmit
                0x0801249c       0x8c ..\obj\tcp_out.o
                0x0801249c                tcp_rexmit
 .text.raw_input
                0x08012528       0xac ..\obj\raw.o
                0x08012528                raw_input
 .text.cos      0x080125d4       0x90 c:/program files (x86)/gnu tools arm embedded/5.4 2016q2/bin/../lib/gcc/arm-none-eabi/5.4.1/../../../../arm-none-eabi/lib/armv7-m\libm.a(lib_a-s_cos.o)
                0x080125d4                cos
 .text.sin      0x08012664       0x90 c:/program files (x86)/gnu tools arm embedded/5.4 2016q2/bin/../lib/gcc/arm-none-eabi/5.4.1/../../../../arm-none-eabi/lib/armv7-m\libm.a(lib_a-s_sin.o)
                0x08012664                sin
 .text.acos     0x080126f4       0xb0 c:/program files (x86)/gnu tools arm embedded/5.4 2016q2/bin/../lib/gcc/arm-none-eabi/5.4.1/../../../../arm-none-eabi/lib/armv7-m\libm.a(lib_a-w_acos.o)
                0x080126f4                acos
 .text.pow      0x080127a4      0x330 c:/program files (x86)/gnu tools arm embedded/5.4 2016q2/bin/../lib/gcc/arm-none-eabi/5.4.1/../../../../arm-none-eabi/lib/armv7-m\libm.a(lib_a-w_pow.o)
                0x080127a4                pow
 .text.sqrt     0x08012ad4       0xb8 c:/program files (x86)/gnu tools arm embedded/5.4 2016q2/bin/../lib/gcc/arm-none-eabi/5.4.1/../../../../arm-none-eabi/lib/armv7-m\libm.a(lib_a-w_sqrt.o)
                0x08012ad4                sqrt
 *fill*         0x08012b8c        0x4 
 .text.__ieee754_acos
                0x08012b90      0x4a8 c:/program files (x86)/gnu tools arm embedded/5.4 2016q2/bin/../lib/gcc/arm-none-eabi/5.4.1/../../../../arm-none-eabi/lib/armv7-m\libm.a(lib_a-e_acos.o)
                0x08012b90                __ieee754_acos
 .text.__ieee754_pow
                0x08013038      0xac4 c:/program files (x86)/gnu tools arm embedded/5.4 2016q2/bin/../lib/gcc/arm-none-eabi/5.4.1/../../../../arm-none-eabi/lib/armv7-m\libm.a(lib_a-e_pow.o)
                0x08013038                __ieee754_pow
 *fill*         0x08013afc        0x4 
 .text.__ieee754_rem_pio2
                0x08013b00      0x42c c:/program files (x86)/gnu tools arm embedded/5.4 2016q2/bin/../lib/gcc/arm-none-eabi/5.4.1/../../../../arm-none-eabi/lib/armv7-m\libm.a(lib_a-e_rem_pio2.o)
                0x08013b00                __ieee754_rem_pio2
 .text.__ieee754_sqrt
                0x08013f2c      0x188 c:/program files (x86)/gnu tools arm embedded/5.4 2016q2/bin/../lib/gcc/arm-none-eabi/5.4.1/../../../../arm-none-eabi/lib/armv7-m\libm.a(lib_a-e_sqrt.o)
                0x08013f2c                __ieee754_sqrt
 *fill*         0x080140b4        0x4 
 .text.__kernel_cos
                0x080140b8      0x248 c:/program files (x86)/gnu tools arm embedded/5.4 2016q2/bin/../lib/gcc/arm-none-eabi/5.4.1/../../../../arm-none-eabi/lib/armv7-m\libm.a(lib_a-k_cos.o)
                0x080140b8                __kernel_cos
 .text.__kernel_rem_pio2
                0x08014300      0x7f0 c:/program files (x86)/gnu tools arm embedded/5.4 2016q2/bin/../lib/gcc/arm-none-eabi/5.4.1/../../../../arm-none-eabi/lib/armv7-m\libm.a(lib_a-k_rem_pio2.o)
                0x08014300                __kernel_rem_pio2
 .text.__kernel_sin
                0x08014af0      0x16c c:/program files (x86)/gnu tools arm embedded/5.4 2016q2/bin/../lib/gcc/arm-none-eabi/5.4.1/../../../../arm-none-eabi/lib/armv7-m\libm.a(lib_a-k_sin.o)
                0x08014af0                __kernel_sin
 .text.fabs     0x08014c5c        0x8 c:/program files (x86)/gnu tools arm embedded/5.4 2016q2/bin/../lib/gcc/arm-none-eabi/5.4.1/../../../../arm-none-eabi/lib/armv7-m\libm.a(lib_a-s_fabs.o)
                0x08014c5c                fabs
 .text.finite   0x08014c64        0xc c:/program files (x86)/gnu tools arm embedded/5.4 2016q2/bin/../lib/gcc/arm-none-eabi/5.4.1/../../../../arm-none-eabi/lib/armv7-m\libm.a(lib_a-s_finite.o)
                0x08014c64                finite
 .text.floor    0x08014c70      0x110 c:/program files (x86)/gnu tools arm embedded/5.4 2016q2/bin/../lib/gcc/arm-none-eabi/5.4.1/../../../../arm-none-eabi/lib/armv7-m\libm.a(lib_a-s_floor.o)
                0x08014c70                floor
 .text.matherr  0x08014d80        0x4 c:/program files (x86)/gnu tools arm embedded/5.4 2016q2/bin/../lib/gcc/arm-none-eabi/5.4.1/../../../../arm-none-eabi/lib/armv7-m\libm.a(lib_a-s_matherr.o)
                0x08014d80                matherr
 .text.nan      0x08014d84        0xc c:/program files (x86)/gnu tools arm embedded/5.4 2016q2/bin/../lib/gcc/arm-none-eabi/5.4.1/../../../../arm-none-eabi/lib/armv7-m\libm.a(lib_a-s_nan.o)
                0x08014d84                nan
 .text.rint     0x08014d90      0x120 c:/program files (x86)/gnu tools arm embedded/5.4 2016q2/bin/../lib/gcc/arm-none-eabi/5.4.1/../../../../arm-none-eabi/lib/armv7-m\libm.a(lib_a-s_rint.o)
                0x08014d90                rint
 .text.scalbn   0x08014eb0       0xe4 c:/program files (x86)/gnu tools arm embedded/5.4 2016q2/bin/../lib/gcc/arm-none-eabi/5.4.1/../../../../arm-none-eabi/lib/armv7-m\libm.a(lib_a-s_scalbn.o)
                0x08014eb0                scalbn
 .text.copysign
                0x08014f94       0x10 c:/program files (x86)/gnu tools arm embedded/5.4 2016q2/bin/../lib/gcc/arm-none-eabi/5.4.1/../../../../arm-none-eabi/lib/armv7-m\libm.a(lib_a-s_copysign.o)
                0x08014f94                copysign
 .text.abort    0x08014fa4       0x10 c:/program files (x86)/gnu tools arm embedded/5.4 2016q2/bin/../lib/gcc/arm-none-eabi/5.4.1/../../../../arm-none-eabi/lib/armv7-m\libc.a(lib_a-abort.o)
                0x08014fa4                abort
 .text.clock    0x08014fb4       0x2c c:/program files (x86)/gnu tools arm embedded/5.4 2016q2/bin/../lib/gcc/arm-none-eabi/5.4.1/../../../../arm-none-eabi/lib/armv7-m\libc.a(lib_a-clock.o)
                0x08014fb4                clock
 .text.__errno  0x08014fe0        0xc c:/program files (x86)/gnu tools arm embedded/5.4 2016q2/bin/../lib/gcc/arm-none-eabi/5.4.1/../../../../arm-none-eabi/lib/armv7-m\libc.a(lib_a-errno.o)
                0x08014fe0                __errno
 .text._raise_r
                0x08014fec       0x58 c:/program files (x86)/gnu tools arm embedded/5.4 2016q2/bin/../lib/gcc/arm-none-eabi/5.4.1/../../../../arm-none-eabi/lib/armv7-m\libc.a(lib_a-signal.o)
                0x08014fec                _raise_r
 .text.raise    0x08015044       0x10 c:/program files (x86)/gnu tools arm embedded/5.4 2016q2/bin/../lib/gcc/arm-none-eabi/5.4.1/../../../../arm-none-eabi/lib/armv7-m\libc.a(lib_a-signal.o)
                0x08015044                raise
 .text.sprintf  0x08015054       0x4c c:/program files (x86)/gnu tools arm embedded/5.4 2016q2/bin/../lib/gcc/arm-none-eabi/5.4.1/../../../../arm-none-eabi/lib/armv7-m\libc.a(lib_a-sprintf.o)
                0x08015054                sprintf
 .text.strlen   0x080150a0       0x5c c:/program files (x86)/gnu tools arm embedded/5.4 2016q2/bin/../lib/gcc/arm-none-eabi/5.4.1/../../../../arm-none-eabi/lib/armv7-m\libc.a(lib_a-strlen-stub.o)
                0x080150a0                strlen
 .text._svfprintf_r
                0x080150fc     0x175c c:/program files (x86)/gnu tools arm embedded/5.4 2016q2/bin/../lib/gcc/arm-none-eabi/5.4.1/../../../../arm-none-eabi/lib/armv7-m\libc.a(lib_a-svfprintf.o)
                0x080150fc                _svfprintf_r
 .text.quorem   0x08016858      0x12c c:/program files (x86)/gnu tools arm embedded/5.4 2016q2/bin/../lib/gcc/arm-none-eabi/5.4.1/../../../../arm-none-eabi/lib/armv7-m\libc.a(lib_a-dtoa.o)
 *fill*         0x08016984        0x4 
 .text._dtoa_r  0x08016988      0xe4c c:/program files (x86)/gnu tools arm embedded/5.4 2016q2/bin/../lib/gcc/arm-none-eabi/5.4.1/../../../../arm-none-eabi/lib/armv7-m\libc.a(lib_a-dtoa.o)
                0x08016988                _dtoa_r
 .text._malloc_trim_r
                0x080177d4       0x9c c:/program files (x86)/gnu tools arm embedded/5.4 2016q2/bin/../lib/gcc/arm-none-eabi/5.4.1/../../../../arm-none-eabi/lib/armv7-m\libc.a(lib_a-freer.o)
                0x080177d4                _malloc_trim_r
 .text._free_r  0x08017870      0x1d0 c:/program files (x86)/gnu tools arm embedded/5.4 2016q2/bin/../lib/gcc/arm-none-eabi/5.4.1/../../../../arm-none-eabi/lib/armv7-m\libc.a(lib_a-freer.o)
                0x08017870                _free_r
 .text._localeconv_r
                0x08017a40        0x8 c:/program files (x86)/gnu tools arm embedded/5.4 2016q2/bin/../lib/gcc/arm-none-eabi/5.4.1/../../../../arm-none-eabi/lib/armv7-m\libc.a(lib_a-locale.o)
                0x08017a40                _localeconv_r
 .text._malloc_r
                0x08017a48      0x558 c:/program files (x86)/gnu tools arm embedded/5.4 2016q2/bin/../lib/gcc/arm-none-eabi/5.4.1/../../../../arm-none-eabi/lib/armv7-m\libc.a(lib_a-mallocr.o)
                0x08017a48                _malloc_r
 .text.memchr   0x08017fa0       0x8c c:/program files (x86)/gnu tools arm embedded/5.4 2016q2/bin/../lib/gcc/arm-none-eabi/5.4.1/../../../../arm-none-eabi/lib/armv7-m\libc.a(lib_a-memchr-stub.o)
                0x08017fa0                memchr
 .text.memmove  0x0801802c       0xc8 c:/program files (x86)/gnu tools arm embedded/5.4 2016q2/bin/../lib/gcc/arm-none-eabi/5.4.1/../../../../arm-none-eabi/lib/armv7-m\libc.a(lib_a-memmove.o)
                0x0801802c                memmove
 .text.__malloc_lock
                0x080180f4        0x4 c:/program files (x86)/gnu tools arm embedded/5.4 2016q2/bin/../lib/gcc/arm-none-eabi/5.4.1/../../../../arm-none-eabi/lib/armv7-m\libc.a(lib_a-mlock.o)
                0x080180f4                __malloc_lock
 .text.__malloc_unlock
                0x080180f8        0x4 c:/program files (x86)/gnu tools arm embedded/5.4 2016q2/bin/../lib/gcc/arm-none-eabi/5.4.1/../../../../arm-none-eabi/lib/armv7-m\libc.a(lib_a-mlock.o)
                0x080180f8                __malloc_unlock
 .text._Balloc  0x080180fc       0x50 c:/program files (x86)/gnu tools arm embedded/5.4 2016q2/bin/../lib/gcc/arm-none-eabi/5.4.1/../../../../arm-none-eabi/lib/armv7-m\libc.a(lib_a-mprec.o)
                0x080180fc                _Balloc
 .text._Bfree   0x0801814c       0x14 c:/program files (x86)/gnu tools arm embedded/5.4 2016q2/bin/../lib/gcc/arm-none-eabi/5.4.1/../../../../arm-none-eabi/lib/armv7-m\libc.a(lib_a-mprec.o)
                0x0801814c                _Bfree
 .text.__multadd
                0x08018160       0x80 c:/program files (x86)/gnu tools arm embedded/5.4 2016q2/bin/../lib/gcc/arm-none-eabi/5.4.1/../../../../arm-none-eabi/lib/armv7-m\libc.a(lib_a-mprec.o)
                0x08018160                __multadd
 .text.__hi0bits
                0x080181e0       0x40 c:/program files (x86)/gnu tools arm embedded/5.4 2016q2/bin/../lib/gcc/arm-none-eabi/5.4.1/../../../../arm-none-eabi/lib/armv7-m\libc.a(lib_a-mprec.o)
                0x080181e0                __hi0bits
 .text.__lo0bits
                0x08018220       0x5c c:/program files (x86)/gnu tools arm embedded/5.4 2016q2/bin/../lib/gcc/arm-none-eabi/5.4.1/../../../../arm-none-eabi/lib/armv7-m\libc.a(lib_a-mprec.o)
                0x08018220                __lo0bits
 .text.__i2b    0x0801827c       0x14 c:/program files (x86)/gnu tools arm embedded/5.4 2016q2/bin/../lib/gcc/arm-none-eabi/5.4.1/../../../../arm-none-eabi/lib/armv7-m\libc.a(lib_a-mprec.o)
                0x0801827c                __i2b
 .text.__multiply
                0x08018290      0x13c c:/program files (x86)/gnu tools arm embedded/5.4 2016q2/bin/../lib/gcc/arm-none-eabi/5.4.1/../../../../arm-none-eabi/lib/armv7-m\libc.a(lib_a-mprec.o)
                0x08018290                __multiply
 .text.__pow5mult
                0x080183cc       0xa0 c:/program files (x86)/gnu tools arm embedded/5.4 2016q2/bin/../lib/gcc/arm-none-eabi/5.4.1/../../../../arm-none-eabi/lib/armv7-m\libc.a(lib_a-mprec.o)
                0x080183cc                __pow5mult
 .text.__lshift
                0x0801846c       0xac c:/program files (x86)/gnu tools arm embedded/5.4 2016q2/bin/../lib/gcc/arm-none-eabi/5.4.1/../../../../arm-none-eabi/lib/armv7-m\libc.a(lib_a-mprec.o)
                0x0801846c                __lshift
 .text.__mcmp   0x08018518       0x40 c:/program files (x86)/gnu tools arm embedded/5.4 2016q2/bin/../lib/gcc/arm-none-eabi/5.4.1/../../../../arm-none-eabi/lib/armv7-m\libc.a(lib_a-mprec.o)
                0x08018518                __mcmp
 .text.__mdiff  0x08018558      0x128 c:/program files (x86)/gnu tools arm embedded/5.4 2016q2/bin/../lib/gcc/arm-none-eabi/5.4.1/../../../../arm-none-eabi/lib/armv7-m\libc.a(lib_a-mprec.o)
                0x08018558                __mdiff
 .text.__d2b    0x08018680       0xa8 c:/program files (x86)/gnu tools arm embedded/5.4 2016q2/bin/../lib/gcc/arm-none-eabi/5.4.1/../../../../arm-none-eabi/lib/armv7-m\libc.a(lib_a-mprec.o)
                0x08018680                __d2b
 .text._realloc_r
                0x08018728      0x3d4 c:/program files (x86)/gnu tools arm embedded/5.4 2016q2/bin/../lib/gcc/arm-none-eabi/5.4.1/../../../../arm-none-eabi/lib/armv7-m\libc.a(lib_a-reallocr.o)
                0x08018728                _realloc_r
 .text._sbrk_r  0x08018afc       0x24 c:/program files (x86)/gnu tools arm embedded/5.4 2016q2/bin/../lib/gcc/arm-none-eabi/5.4.1/../../../../arm-none-eabi/lib/armv7-m\libc.a(lib_a-sbrkr.o)
                0x08018afc                _sbrk_r
 .text.__ssprint_r
                0x08018b20      0x100 c:/program files (x86)/gnu tools arm embedded/5.4 2016q2/bin/../lib/gcc/arm-none-eabi/5.4.1/../../../../arm-none-eabi/lib/armv7-m\libc.a(lib_a-svfiprintf.o)
                0x08018b20                __ssprint_r
 .text._calloc_r
                0x08018c20       0x60 c:/program files (x86)/gnu tools arm embedded/5.4 2016q2/bin/../lib/gcc/arm-none-eabi/5.4.1/../../../../arm-none-eabi/lib/armv7-m\libc.a(lib_a-callocr.o)
                0x08018c20                _calloc_r
 *(.rodata)
 .rodata        0x08018c80       0x58 ..\obj\appinit.o
 .rodata        0x08018cd8       0x1b ..\obj\netconf.o
 *fill*         0x08018cf3        0x1 
 .rodata        0x08018cf4       0x21 ..\obj\syscalls.o
 *(.rodata*)
 *fill*         0x08018d15        0x3 
 .rodata.str1.4
                0x08018d18        0x2 c:/program files (x86)/gnu tools arm embedded/5.4 2016q2/bin/../lib/gcc/arm-none-eabi/5.4.1/../../../../arm-none-eabi/lib/armv7-m\libc.a(lib_a-impure.o)
 *fill*         0x08018d1a        0x2 
 .rodata._global_impure_ptr
                0x08018d1c        0x4 c:/program files (x86)/gnu tools arm embedded/5.4 2016q2/bin/../lib/gcc/arm-none-eabi/5.4.1/../../../../arm-none-eabi/lib/armv7-m\libc.a(lib_a-impure.o)
                0x08018d1c                _global_impure_ptr
 .rodata.c_a.5642
                0x08018d20      0x120 ..\obj\mds.o
 .rodata.b.5644
                0x08018e40      0x120 ..\obj\mds.o
 .rodata.memp_sizes
                0x08018f60       0x12 ..\obj\memp.o
 *fill*         0x08018f72        0x2 
 .rodata.memp_num
                0x08018f74       0x12 ..\obj\memp.o
 *fill*         0x08018f86        0x2 
 .rodata.ip_addr_any
                0x08018f88        0x4 ..\obj\ip_addr.o
                0x08018f88                ip_addr_any
 .rodata.str1.4
                0x08018f8c        0xa ..\obj\main.o
 *fill*         0x08018f96        0x2 
 .rodata.ethbroadcast
                0x08018f98        0x6 ..\obj\etharp.o
                0x08018f98                ethbroadcast
 *fill*         0x08018f9e        0x2 
 .rodata.ethzero
                0x08018fa0        0x6 ..\obj\etharp.o
                0x08018fa0                ethzero
 *fill*         0x08018fa6        0x2 
 .rodata.chan_idx
                0x08018fa8        0x8 ..\obj\deca_params_init.o
                0x08018fa8                chan_idx
 .rodata.tx_config
                0x08018fb0       0x18 ..\obj\deca_params_init.o
                0x08018fb0                tx_config
 .rodata.pll2_config
                0x08018fc8       0x1e ..\obj\deca_params_init.o
                0x08018fc8                pll2_config
 .rodata.pll2calcfg
                0x08018fe6        0x1 ..\obj\deca_params_init.o
                0x08018fe6                pll2calcfg
 *fill*         0x08018fe7        0x1 
 .rodata.rx_config
                0x08018fe8        0x2 ..\obj\deca_params_init.o
                0x08018fe8                rx_config
 *fill*         0x08018fea        0x2 
 .rodata.agc_config
                0x08018fec        0x8 ..\obj\deca_params_init.o
                0x08018fec                agc_config
 .rodata.dwnsSFDlen
                0x08018ff4        0x3 ..\obj\deca_params_init.o
                0x08018ff4                dwnsSFDlen
 *fill*         0x08018ff7        0x1 
 .rodata.sftsh  0x08018ff8        0xc ..\obj\deca_params_init.o
                0x08018ff8                sftsh
 .rodata.dtune1
                0x08019004        0x4 ..\obj\deca_params_init.o
                0x08019004                dtune1
 .rodata.digital_bb_config
                0x08019008       0x20 ..\obj\deca_params_init.o
                0x08019008                digital_bb_config
 .rodata.lde_replicaCoeff
                0x08019028       0x32 ..\obj\deca_params_init.o
                0x08019028                lde_replicaCoeff
 *fill*         0x0801905a        0x2 
 .rodata.str1.4
                0x0801905c        0x5 c:/program files (x86)/gnu tools arm embedded/5.4 2016q2/bin/../lib/gcc/arm-none-eabi/5.4.1/../../../../arm-none-eabi/lib/armv7-m\libm.a(lib_a-w_acos.o)
                                  0x9 (size before relaxing)
 *fill*         0x08019061        0x3 
 .rodata.str1.4
                0x08019064        0x4 c:/program files (x86)/gnu tools arm embedded/5.4 2016q2/bin/../lib/gcc/arm-none-eabi/5.4.1/../../../../arm-none-eabi/lib/armv7-m\libm.a(lib_a-w_pow.o)
 .rodata.str1.4
                0x08019068        0x5 c:/program files (x86)/gnu tools arm embedded/5.4 2016q2/bin/../lib/gcc/arm-none-eabi/5.4.1/../../../../arm-none-eabi/lib/armv7-m\libm.a(lib_a-w_sqrt.o)
 .rodata.str1.4
                0x0801906d        0x1 c:/program files (x86)/gnu tools arm embedded/5.4 2016q2/bin/../lib/gcc/arm-none-eabi/5.4.1/../../../../arm-none-eabi/lib/armv7-m\libm.a(lib_a-e_pow.o)
 *fill*         0x0801906d        0x3 
 .rodata.npio2_hw
                0x08019070       0x80 c:/program files (x86)/gnu tools arm embedded/5.4 2016q2/bin/../lib/gcc/arm-none-eabi/5.4.1/../../../../arm-none-eabi/lib/armv7-m\libm.a(lib_a-e_rem_pio2.o)
 .rodata.two_over_pi
                0x080190f0      0x108 c:/program files (x86)/gnu tools arm embedded/5.4 2016q2/bin/../lib/gcc/arm-none-eabi/5.4.1/../../../../arm-none-eabi/lib/armv7-m\libm.a(lib_a-e_rem_pio2.o)
 .rodata.init_jk
                0x080191f8       0x10 c:/program files (x86)/gnu tools arm embedded/5.4 2016q2/bin/../lib/gcc/arm-none-eabi/5.4.1/../../../../arm-none-eabi/lib/armv7-m\libm.a(lib_a-k_rem_pio2.o)
 .rodata.PIo2   0x08019208       0x40 c:/program files (x86)/gnu tools arm embedded/5.4 2016q2/bin/../lib/gcc/arm-none-eabi/5.4.1/../../../../arm-none-eabi/lib/armv7-m\libm.a(lib_a-k_rem_pio2.o)
 .rodata.TWO52  0x08019248       0x10 c:/program files (x86)/gnu tools arm embedded/5.4 2016q2/bin/../lib/gcc/arm-none-eabi/5.4.1/../../../../arm-none-eabi/lib/armv7-m\libm.a(lib_a-s_rint.o)
 .rodata.blanks.7055
                0x08019258       0x10 c:/program files (x86)/gnu tools arm embedded/5.4 2016q2/bin/../lib/gcc/arm-none-eabi/5.4.1/../../../../arm-none-eabi/lib/armv7-m\libc.a(lib_a-svfprintf.o)
 .rodata.str1.4
                0x08019268       0x42 c:/program files (x86)/gnu tools arm embedded/5.4 2016q2/bin/../lib/gcc/arm-none-eabi/5.4.1/../../../../arm-none-eabi/lib/armv7-m\libc.a(lib_a-svfprintf.o)
 *fill*         0x080192aa        0x2 
 .rodata.zeroes.7056
                0x080192ac       0x10 c:/program files (x86)/gnu tools arm embedded/5.4 2016q2/bin/../lib/gcc/arm-none-eabi/5.4.1/../../../../arm-none-eabi/lib/armv7-m\libc.a(lib_a-svfprintf.o)
 .rodata.str1.4
                0x080192bc       0x10 c:/program files (x86)/gnu tools arm embedded/5.4 2016q2/bin/../lib/gcc/arm-none-eabi/5.4.1/../../../../arm-none-eabi/lib/armv7-m\libc.a(lib_a-dtoa.o)
                                 0x12 (size before relaxing)
 .rodata.str1.4
                0x080192cc        0xc c:/program files (x86)/gnu tools arm embedded/5.4 2016q2/bin/../lib/gcc/arm-none-eabi/5.4.1/../../../../arm-none-eabi/lib/armv7-m\libc.a(lib_a-locale.o)
                                 0x12 (size before relaxing)
 .rodata.__mprec_tens
                0x080192d8       0xc8 c:/program files (x86)/gnu tools arm embedded/5.4 2016q2/bin/../lib/gcc/arm-none-eabi/5.4.1/../../../../arm-none-eabi/lib/armv7-m\libc.a(lib_a-mprec.o)
                0x080192d8                __mprec_tens
 .rodata.__mprec_bigtens
                0x080193a0       0x28 c:/program files (x86)/gnu tools arm embedded/5.4 2016q2/bin/../lib/gcc/arm-none-eabi/5.4.1/../../../../arm-none-eabi/lib/armv7-m\libc.a(lib_a-mprec.o)
                0x080193a0                __mprec_bigtens
 .rodata.p05.5396
                0x080193c8        0xc c:/program files (x86)/gnu tools arm embedded/5.4 2016q2/bin/../lib/gcc/arm-none-eabi/5.4.1/../../../../arm-none-eabi/lib/armv7-m\libc.a(lib_a-mprec.o)
 *(.glue_7)
 .glue_7        0x080193d4        0x0 linker stubs
 *(.glue_7t)
 .glue_7t       0x080193d4        0x0 linker stubs
 *(.eh_frame)
 .eh_frame      0x080193d4        0x0 c:/program files (x86)/gnu tools arm embedded/5.4 2016q2/bin/../lib/gcc/arm-none-eabi/5.4.1/armv7-m/crtbegin.o
 *(.init)
 .init          0x080193d4        0x4 c:/program files (x86)/gnu tools arm embedded/5.4 2016q2/bin/../lib/gcc/arm-none-eabi/5.4.1/armv7-m/crti.o
                0x080193d4                _init
 .init          0x080193d8        0x8 c:/program files (x86)/gnu tools arm embedded/5.4 2016q2/bin/../lib/gcc/arm-none-eabi/5.4.1/armv7-m/crtn.o
 *(.fini)
 .fini          0x080193e0        0x4 c:/program files (x86)/gnu tools arm embedded/5.4 2016q2/bin/../lib/gcc/arm-none-eabi/5.4.1/armv7-m/crti.o
                0x080193e0                _fini
 .fini          0x080193e4        0x8 c:/program files (x86)/gnu tools arm embedded/5.4 2016q2/bin/../lib/gcc/arm-none-eabi/5.4.1/armv7-m/crtn.o
                0x080193ec                . = ALIGN (0x4)
                0x080193ec                _etext = .

.vfp11_veneer   0x080193ec        0x0
 .vfp11_veneer  0x080193ec        0x0 linker stubs

.v4_bx          0x080193ec        0x0
 .v4_bx         0x080193ec        0x0 linker stubs

.iplt           0x080193ec        0x0
 .iplt          0x080193ec        0x0 c:/program files (x86)/gnu tools arm embedded/5.4 2016q2/bin/../lib/gcc/arm-none-eabi/5.4.1/armv7-m/crtbegin.o

.ARM.extab      0x080193ec       0x48
 *(.ARM.extab* .gnu.linkonce.armextab.*)
 .ARM.extab.text.TCP_Client_Send_Data
                0x080193ec        0xc ..\obj\TCP_CLIENT.o
 .ARM.extab.text.Check_TCP_Connect
                0x080193f8        0xc ..\obj\TCP_CLIENT.o
 .ARM.extab.text.TCP_Client_Recv
                0x08019404        0xc ..\obj\TCP_CLIENT.o
 .ARM.extab.text.TCP_Client_Init
                0x08019410        0xc ..\obj\TCP_CLIENT.o
 .ARM.extab     0x0801941c       0x18 c:/program files (x86)/gnu tools arm embedded/5.4 2016q2/bin/../lib/gcc/arm-none-eabi/5.4.1/armv7-m\libgcc.a(pr-support.o)

.ARM            0x08019434       0xe8
                0x08019434                __exidx_start = .
 *(.ARM.exidx*)
 .ARM.exidx.text.TCP_Client_Send_Data
                0x080194ec        0x8 ..\obj\TCP_CLIENT.o
 .ARM.exidx.text.Check_TCP_Connect
                0x080194f4        0x8 ..\obj\TCP_CLIENT.o
 .ARM.exidx.text._Z13TCP_ConnectedPvP7tcp_pcba
                0x080194fc        0x8 ..\obj\TCP_CLIENT.o
 .ARM.exidx.text.TCP_Client_Recv
                0x08019504        0x8 ..\obj\TCP_CLIENT.o
 .ARM.exidx.text.TCP_Client_Init
                0x0801950c       0x10 ..\obj\TCP_CLIENT.o
                                  0x8 (size before relaxing)
 .ARM.exidx     0x08019434       0x80 c:/program files (x86)/gnu tools arm embedded/5.4 2016q2/bin/../lib/gcc/arm-none-eabi/5.4.1/armv7-m\libgcc.a(unwind-arm.o)
                                 0xd8 (size before relaxing)
 .ARM.exidx     0x080194b4       0x38 c:/program files (x86)/gnu tools arm embedded/5.4 2016q2/bin/../lib/gcc/arm-none-eabi/5.4.1/armv7-m\libgcc.a(pr-support.o)
                                 0x48 (size before relaxing)
 .ARM.exidx     0x080194ec        0x0 c:/program files (x86)/gnu tools arm embedded/5.4 2016q2/bin/../lib/gcc/arm-none-eabi/5.4.1/armv7-m\libgcc.a(_udivmoddi4.o)
                                  0x8 (size before relaxing)
                0x0801951c                __exidx_end = .

.rel.dyn        0x0801951c        0x0
 .rel.iplt      0x0801951c        0x0 c:/program files (x86)/gnu tools arm embedded/5.4 2016q2/bin/../lib/gcc/arm-none-eabi/5.4.1/armv7-m/crtbegin.o

.preinit_array  0x0801951c        0x0
                0x0801951c                PROVIDE (__preinit_array_start, .)
 *(.preinit_array*)
                0x0801951c                PROVIDE (__preinit_array_end, .)

.init_array     0x0801951c        0x8
                0x0801951c                PROVIDE (__init_array_start, .)
 *(SORT(.init_array.*))
 .init_array.00000
                0x0801951c        0x4 c:/program files (x86)/gnu tools arm embedded/5.4 2016q2/bin/../lib/gcc/arm-none-eabi/5.4.1/../../../../arm-none-eabi/lib/armv7-m\libc.a(lib_a-__call_atexit.o)
 *(.init_array*)
 .init_array    0x08019520        0x4 c:/program files (x86)/gnu tools arm embedded/5.4 2016q2/bin/../lib/gcc/arm-none-eabi/5.4.1/armv7-m/crtbegin.o
                0x08019524                PROVIDE (__init_array_end, .)

.fini_array     0x08019524        0x4
                0x08019524                PROVIDE (__fini_array_start, .)
 *(.fini_array*)
 .fini_array    0x08019524        0x4 c:/program files (x86)/gnu tools arm embedded/5.4 2016q2/bin/../lib/gcc/arm-none-eabi/5.4.1/armv7-m/crtbegin.o
 *(SORT(.fini_array.*))
                0x08019528                PROVIDE (__fini_array_end, .)
                0x08019528                _sidata = .

.data           0x20000000      0x90c load address 0x08019528
                0x20000000                . = ALIGN (0x4)
                0x20000000                _sdata = .
 *(.data)
 *(.data*)
 .data.impure_data
                0x20000000      0x428 c:/program files (x86)/gnu tools arm embedded/5.4 2016q2/bin/../lib/gcc/arm-none-eabi/5.4.1/../../../../arm-none-eabi/lib/armv7-m\libc.a(lib_a-impure.o)
 .data._impure_ptr
                0x20000428        0x4 c:/program files (x86)/gnu tools arm embedded/5.4 2016q2/bin/../lib/gcc/arm-none-eabi/5.4.1/../../../../arm-none-eabi/lib/armv7-m\libc.a(lib_a-impure.o)
                0x20000428                _impure_ptr
 .data.port.5226
                0x2000042c        0x2 ..\obj\tcp.o
 *fill*         0x2000042e        0x2 
 .data.iss.5387
                0x20000430        0x4 ..\obj\tcp.o
 .data.tx_msg   0x20000434       0x17 ..\obj\appinit.o
                0x20000434                tx_msg
 *fill*         0x2000044b        0x1 
 .data.tx_poll_msg
                0x2000044c        0xc ..\obj\appinit.o
                0x2000044c                tx_poll_msg
 .data.SystemCoreClock
                0x20000458        0x4 ..\obj\system_stm32f10x.o
                0x20000458                SystemCoreClock
 .data.USBD_DCD_INT_cb
                0x2000045c       0x2c ..\obj\usbd_core.o
                0x2000045c                USBD_DCD_INT_cb
 .data.USBD_DCD_INT_fops
                0x20000488        0x4 ..\obj\usbd_core.o
                0x20000488                USBD_DCD_INT_fops
 .data.config   0x2000048c        0xc ..\obj\main.o
 .data.Slot_data
                0x20000498       0x14 ..\obj\main.o
                0x20000498                Slot_data
 .data.APBAHBPrescTable
                0x200004ac       0x10 ..\obj\stm32f10x_rcc.o
 .data.ADCPrescTable
                0x200004bc        0x4 ..\obj\stm32f10x_rcc.o
 .data.__fdlib_version
                0x200004c0        0x1 c:/program files (x86)/gnu tools arm embedded/5.4 2016q2/bin/../lib/gcc/arm-none-eabi/5.4.1/../../../../arm-none-eabi/lib/armv7-m\libm.a(lib_a-s_lib_ver.o)
                0x200004c0                __fdlib_version
 *fill*         0x200004c1        0x3 
 .data.lconv    0x200004c4       0x38 c:/program files (x86)/gnu tools arm embedded/5.4 2016q2/bin/../lib/gcc/arm-none-eabi/5.4.1/../../../../arm-none-eabi/lib/armv7-m\libc.a(lib_a-locale.o)
 .data.__malloc_av_
                0x200004fc      0x408 c:/program files (x86)/gnu tools arm embedded/5.4 2016q2/bin/../lib/gcc/arm-none-eabi/5.4.1/../../../../arm-none-eabi/lib/armv7-m\libc.a(lib_a-mallocr.o)
                0x200004fc                __malloc_av_
 .data.__malloc_trim_threshold
                0x20000904        0x4 c:/program files (x86)/gnu tools arm embedded/5.4 2016q2/bin/../lib/gcc/arm-none-eabi/5.4.1/../../../../arm-none-eabi/lib/armv7-m\libc.a(lib_a-mallocr.o)
                0x20000904                __malloc_trim_threshold
 .data.__malloc_sbrk_base
                0x20000908        0x4 c:/program files (x86)/gnu tools arm embedded/5.4 2016q2/bin/../lib/gcc/arm-none-eabi/5.4.1/../../../../arm-none-eabi/lib/armv7-m\libc.a(lib_a-mallocr.o)
                0x20000908                __malloc_sbrk_base
                0x2000090c                . = ALIGN (0x4)
                0x2000090c                _edata = .

.jcr            0x2000090c        0x0 load address 0x08019e34
 .jcr           0x2000090c        0x0 c:/program files (x86)/gnu tools arm embedded/5.4 2016q2/bin/../lib/gcc/arm-none-eabi/5.4.1/armv7-m/crtbegin.o

.igot.plt       0x2000090c        0x0 load address 0x08019e34
 .igot.plt      0x2000090c        0x0 c:/program files (x86)/gnu tools arm embedded/5.4 2016q2/bin/../lib/gcc/arm-none-eabi/5.4.1/armv7-m/crtbegin.o
                0x2000090c                . = ALIGN (0x4)

.bss            0x20000910     0xcfec load address 0x08019e38
                0x20000910                _sbss = .
                0x20000910                __bss_start__ = _sbss
 *(.bss)
 .bss           0x20000910       0x1c c:/program files (x86)/gnu tools arm embedded/5.4 2016q2/bin/../lib/gcc/arm-none-eabi/5.4.1/armv7-m/crtbegin.o
 *(.bss*)
 .bss.ram_heap  0x2000092c     0x1014 ..\obj\mem.o
 .bss.ram       0x20001940        0x4 ..\obj\mem.o
 .bss.ram_end   0x20001944        0x4 ..\obj\mem.o
 .bss.lfree     0x20001948        0x4 ..\obj\mem.o
 .bss.mem_sem   0x2000194c        0x1 ..\obj\mem.o
 *fill*         0x2000194d        0x3 
 .bss.inseg     0x20001950       0x14 ..\obj\tcp_in.o
 .bss.tcphdr    0x20001964        0x4 ..\obj\tcp_in.o
 .bss.iphdr     0x20001968        0x4 ..\obj\tcp_in.o
 .bss.seqno     0x2000196c        0x4 ..\obj\tcp_in.o
 .bss.ackno     0x20001970        0x4 ..\obj\tcp_in.o
 .bss.flags     0x20001974        0x1 ..\obj\tcp_in.o
 *fill*         0x20001975        0x1 
 .bss.tcplen    0x20001976        0x2 ..\obj\tcp_in.o
 .bss.recv_flags
                0x20001978        0x1 ..\obj\tcp_in.o
 *fill*         0x20001979        0x3 
 .bss.recv_data
                0x2000197c        0x4 ..\obj\tcp_in.o
 .bss.tx_final_msg
                0x20001980       0x18 ..\obj\appinit.o
                0x20001980                tx_final_msg
 .bss.frame_seq_nb
                0x20001998        0x1 ..\obj\appinit.o
                0x20001998                frame_seq_nb
 *fill*         0x20001999        0x3 
 .bss.status_reg
                0x2000199c        0x4 ..\obj\appinit.o
                0x2000199c                status_reg
 .bss.dist_str  0x200019a0       0x28 ..\obj\appinit.o
                0x200019a0                dist_str
 .bss.memp_tab  0x200019c8       0x24 ..\obj\memp.o
 .bss.memp_memory
                0x200019ec     0x468b ..\obj\memp.o
 .bss.connect_flag
                0x20006077        0x1 ..\obj\TCP_CLIENT.o
                0x20006077                connect_flag
 .bss.reassdatagrams
                0x20006078        0x4 ..\obj\ip_frag.o
 .bss.ip_reass_pbufcount
                0x2000607c        0x2 ..\obj\ip_frag.o
 *fill*         0x2000607e        0x2 
 .bss.buf       0x20006080      0x5e0 ..\obj\ip_frag.o
 .bss.dw1000local
                0x20006660       0x90 ..\obj\deca_device.o
 .bss.LocalTime
                0x200066f0        0x4 ..\obj\main.o
                0x200066f0                LocalTime
 .bss.arp_table
                0x200066f4       0xc8 ..\obj\etharp.o
 .bss.etharp_cached_entry
                0x200067bc        0x1 ..\obj\etharp.o
 .bss.netifnum.4814
                0x200067bd        0x1 ..\obj\netif.o
 *fill*         0x200067be        0x2 
 .bss.heap_end.8728
                0x200067c0        0x4 ..\obj\syscalls.o
 .bss.USBD_ep_status
                0x200067c4        0x4 ..\obj\usbd_req.o
                0x200067c4                USBD_ep_status
 .bss.USBD_default_cfg
                0x200067c8        0x4 ..\obj\usbd_req.o
                0x200067c8                USBD_default_cfg
 .bss.USBD_cfg_status
                0x200067cc        0x4 ..\obj\usbd_req.o
                0x200067cc                USBD_cfg_status
 .bss.cfgidx.7226
                0x200067d0        0x1 ..\obj\usbd_req.o
 *fill*         0x200067d1        0x3 
 .bss.current_netif
                0x200067d4        0x4 ..\obj\ip.o
 .bss.current_header
                0x200067d8        0x4 ..\obj\ip.o
 .bss.ip_id.5247
                0x200067dc        0x2 ..\obj\ip.o
 *fill*         0x200067de        0x2 
 .bss.raw_pcbs  0x200067e0        0x4 ..\obj\raw.o
 .bss.__malloc_max_total_mem
                0x200067e4        0x4 c:/program files (x86)/gnu tools arm embedded/5.4 2016q2/bin/../lib/gcc/arm-none-eabi/5.4.1/../../../../arm-none-eabi/lib/armv7-m\libc.a(lib_a-mallocr.o)
                0x200067e4                __malloc_max_total_mem
 .bss.__malloc_max_sbrked_mem
                0x200067e8        0x4 c:/program files (x86)/gnu tools arm embedded/5.4 2016q2/bin/../lib/gcc/arm-none-eabi/5.4.1/../../../../arm-none-eabi/lib/armv7-m\libc.a(lib_a-mallocr.o)
                0x200067e8                __malloc_max_sbrked_mem
 .bss.__malloc_top_pad
                0x200067ec        0x4 c:/program files (x86)/gnu tools arm embedded/5.4 2016q2/bin/../lib/gcc/arm-none-eabi/5.4.1/../../../../arm-none-eabi/lib/armv7-m\libc.a(lib_a-mallocr.o)
                0x200067ec                __malloc_top_pad
 .bss.__malloc_current_mallinfo
                0x200067f0       0x28 c:/program files (x86)/gnu tools arm embedded/5.4 2016q2/bin/../lib/gcc/arm-none-eabi/5.4.1/../../../../arm-none-eabi/lib/armv7-m\libc.a(lib_a-mallocr.o)
                0x200067f0                __malloc_current_mallinfo
 *(COMMON)
 COMMON         0x20006818       0x18 ..\obj\tcp.o
                0x20006818                tcp_active_pcbs
                0x2000681c                tcp_ticks
                0x20006820                tcp_listen_pcbs
                0x20006824                tcp_tmp_pcb
                0x20006828                tcp_bound_pcbs
                0x2000682c                tcp_tw_pcbs
 COMMON         0x20006830        0x4 ..\obj\tcp_in.o
                0x20006830                tcp_input_pcb
 *fill*         0x20006834        0x4 
 COMMON         0x20006838      0x7d0 ..\obj\appinit.o
                0x20006838                final_rx_ts
                0x20006840                distance